2026-08-05 08:51:59 - INFO - Hardware Mock initialized.
2026-08-05 08:52:03 - INFO - ScarePlayer initialized.
2026-08-05 08:52:19 - INFO - --- STARTING AUTOMATED HEADLESS TEST ---
2026-08-05 08:52:19 - INFO - YOLOv11 model loaded successfully.
2026-08-05 08:52:32 - INFO - Audio model and label encoder loaded successfully.
2026-08-05 08:52:32 - INFO - Decision engine started.
2026-08-05 08:52:32 - INFO - Simulating an Audio detection (Confidence 0.95)
2026-08-05 08:52:32 - INFO - [SCARE_ACTIVATED] Bird: Crow, Confidence: 0.95
2026-08-05 08:52:32 - INFO - [HARDWARE] Action: Rotating Camera towards target
2026-08-05 08:52:32 - INFO - Playing scare sound: mock_scare1.wav at volume 1.0
2026-08-05 08:52:32 - INFO - [SCARE_SOUND] Played: mock_scare1.wav
2026-08-05 08:52:33 - INFO - [HARDWARE] Action: Flapping Wings
2026-08-05 08:52:33 - INFO - [HARDWARE] Action: Stop
2026-08-05 08:52:37 - INFO - Simulating a Vision detection (Confidence 0.88)
2026-08-05 08:52:37 - INFO - [SCARE_ACTIVATED] Bird: Peacock, Confidence: 0.88
2026-08-05 08:52:37 - INFO - [HARDWARE] Action: Rotating Camera towards target
2026-08-05 08:52:37 - INFO - Playing scare sound: mock_scare2.wav at volume 1.0
2026-08-05 08:52:37 - INFO - [SCARE_SOUND] Played: mock_scare2.wav
2026-08-05 08:52:38 - INFO - [HARDWARE] Action: Flapping Wings
2026-08-05 08:52:38 - INFO - [HARDWARE] Action: Stop
2026-08-05 08:52:42 - INFO - [HARDWARE] Action: Stop
2026-08-05 08:52:42 - INFO - Scare mode deactivated. System ready.
2026-08-05 08:52:43 - INFO - [HARDWARE] Action: Stop
2026-08-05 08:52:43 - INFO - Scare mode deactivated. System ready.
2026-08-05 08:52:43 - INFO - Decision engine stopped.
2026-08-05 08:52:43 - INFO - --- AUTOMATED TEST COMPLETE ---
2026-08-05 08:52:47 - INFO - [HARDWARE] Action: Stop
2026-08-05 08:52:47 - INFO - Scare mode deactivated. System ready.
2026-08-05 08:55:44 - INFO - Hardware Mock initialized.
2026-08-05 08:55:45 - INFO - ScarePlayer initialized.
2026-08-05 08:55:46 - INFO - Initializing ScareX system...
2026-08-05 08:55:46 - INFO - YOLOv11 model loaded successfully.
2026-08-05 08:55:48 - INFO - Audio model and label encoder loaded successfully.
2026-08-05 08:55:49 - INFO - Starting GUI event loop.
2026-08-05 08:55:50 - INFO - Audio recognition started.
2026-08-05 08:55:50 - INFO - Decision engine started.
2026-08-05 08:55:50 - INFO - System started via GUI.
2026-08-05 08:56:01 - INFO - [SCARE_ACTIVATED] Bird: crow, Confidence: 1.00
2026-08-05 08:56:01 - INFO - [HARDWARE] Action: Rotating Camera towards target
2026-08-05 08:56:01 - INFO - Playing scare sound: mock_scare1.wav at volume 1.0
2026-08-05 08:56:01 - INFO - [SCARE_SOUND] Played: mock_scare1.wav
2026-08-05 08:56:02 - INFO - [HARDWARE] Action: Flapping Wings
2026-08-05 08:56:02 - INFO - [HARDWARE] Action: Stop
2026-08-05 08:56:06 - INFO - [SCARE_ACTIVATED] Bird: crow, Confidence: 1.00
2026-08-05 08:56:06 - INFO - [HARDWARE] Action: Rotating Camera towards target
2026-08-05 08:56:06 - INFO - Playing scare sound: mock_scare1.wav at volume 1.0
2026-08-05 08:56:06 - INFO - [SCARE_SOUND] Played: mock_scare1.wav
2026-08-05 08:56:07 - INFO - [HARDWARE] Action: Flapping Wings
2026-08-05 08:56:07 - INFO - [HARDWARE] Action: Stop
2026-08-05 08:56:11 - INFO - [HARDWARE] Action: Stop
2026-08-05 08:56:11 - INFO - Scare mode deactivated. System ready.
2026-08-05 08:56:11 - INFO - [SCARE_ACTIVATED] Bird: crow, Confidence: 1.00
2026-08-05 08:56:11 - INFO - [HARDWARE] Action: Rotating Camera towards target
2026-08-05 08:56:11 - INFO - Playing scare sound: mock_scare1.wav at volume 1.0
2026-08-05 08:56:11 - INFO - [SCARE_SOUND] Played: mock_scare1.wav
2026-08-05 08:56:12 - INFO - [HARDWARE] Action: Flapping Wings
2026-08-05 08:56:12 - INFO - [HARDWARE] Action: Stop
2026-08-05 08:56:16 - INFO - [HARDWARE] Action: Stop
2026-08-05 08:56:16 - INFO - Scare mode deactivated. System ready.
2026-08-05 08:56:17 - INFO - [SCARE_ACTIVATED] Bird: crow, Confidence: 1.00
2026-08-05 08:56:17 - INFO - [HARDWARE] Action: Rotating Camera towards target
2026-08-05 08:56:17 - INFO - Playing scare sound: mock_scare1.wav at volume 1.0
2026-08-05 08:56:17 - INFO - [SCARE_SOUND] Played: mock_scare1.wav
2026-08-05 08:56:17 - INFO - [HARDWARE] Action: Flapping Wings
2026-08-05 08:56:18 - INFO - [HARDWARE] Action: Stop
2026-08-05 08:56:22 - INFO - [HARDWARE] Action: Stop
2026-08-05 08:56:22 - INFO - Scare mode deactivated. System ready.
2026-08-05 08:56:22 - INFO - [SCARE_ACTIVATED] Bird: crow, Confidence: 1.00
2026-08-05 08:56:22 - INFO - [HARDWARE] Action: Rotating Camera towards target
2026-08-05 08:56:22 - INFO - Playing scare sound: mock_scare1.wav at volume 1.0
2026-08-05 08:56:22 - INFO - [SCARE_SOUND] Played: mock_scare1.wav
2026-08-05 08:56:22 - INFO - [HARDWARE] Action: Flapping Wings
2026-08-05 08:56:23 - INFO - [HARDWARE] Action: Stop
2026-08-05 08:56:27 - INFO - [HARDWARE] Action: Stop
2026-08-05 08:56:27 - INFO - Scare mode deactivated. System ready.
2026-08-05 08:56:27 - INFO - [SCARE_ACTIVATED] Bird: crow, Confidence: 1.00
2026-08-05 08:56:27 - INFO - [HARDWARE] Action: Rotating Camera towards target
2026-08-05 08:56:27 - INFO - Playing scare sound: mock_scare2.wav at volume 1.0
2026-08-05 08:56:27 - INFO - [SCARE_SOUND] Played: mock_scare2.wav
2026-08-05 08:56:27 - INFO - [HARDWARE] Action: Flapping Wings
2026-08-05 08:56:28 - INFO - [HARDWARE] Action: Stop
2026-08-05 08:56:32 - INFO - [HARDWARE] Action: Stop
2026-08-05 08:56:32 - INFO - Scare mode deactivated. System ready.
2026-08-05 08:56:32 - INFO - [SCARE_ACTIVATED] Bird: crow, Confidence: 1.00
2026-08-05 08:56:32 - INFO - [HARDWARE] Action: Rotating Camera towards target
2026-08-05 08:56:32 - INFO - Playing scare sound: mock_scare2.wav at volume 1.0
2026-08-05 08:56:32 - INFO - [SCARE_SOUND] Played: mock_scare2.wav
2026-08-05 08:56:32 - INFO - [HARDWARE] Action: Flapping Wings
2026-08-05 08:56:33 - INFO - [HARDWARE] Action: Stop
2026-08-05 08:56:37 - INFO - [HARDWARE] Action: Stop
2026-08-05 08:56:37 - INFO - Scare mode deactivated. System ready.
2026-08-05 08:56:37 - INFO - [SCARE_ACTIVATED] Bird: crow, Confidence: 1.00
2026-08-05 08:56:37 - INFO - [HARDWARE] Action: Rotating Camera towards target
2026-08-05 08:56:37 - INFO - Playing scare sound: mock_scare2.wav at volume 1.0
2026-08-05 08:56:37 - INFO - [SCARE_SOUND] Played: mock_scare2.wav
2026-08-05 08:56:37 - INFO - [HARDWARE] Action: Flapping Wings
2026-08-05 08:56:38 - INFO - [HARDWARE] Action: Stop
2026-08-05 08:56:42 - INFO - [HARDWARE] Action: Stop
2026-08-05 08:56:42 - INFO - Scare mode deactivated. System ready.
2026-08-05 08:56:42 - INFO - [SCARE_ACTIVATED] Bird: crow, Confidence: 1.00
2026-08-05 08:56:42 - INFO - [HARDWARE] Action: Rotating Camera towards target
2026-08-05 08:56:42 - INFO - Playing scare sound: mock_scare2.wav at volume 1.0
2026-08-05 08:56:42 - INFO - [SCARE_SOUND] Played: mock_scare2.wav
2026-08-05 08:56:42 - INFO - [HARDWARE] Action: Flapping Wings
2026-08-05 08:56:43 - INFO - [HARDWARE] Action: Stop
2026-08-05 08:56:47 - INFO - [HARDWARE] Action: Stop
2026-08-05 08:56:47 - INFO - Scare mode deactivated. System ready.
2026-08-05 08:56:47 - INFO - [SCARE_ACTIVATED] Bird: crow, Confidence: 1.00
2026-08-05 08:56:47 - INFO - [HARDWARE] Action: Rotating Camera towards target
2026-08-05 08:56:47 - INFO - Playing scare sound: mock_scare2.wav at volume 1.0
2026-08-05 08:56:47 - INFO - [SCARE_SOUND] Played: mock_scare2.wav
2026-08-05 08:56:47 - INFO - [HARDWARE] Action: Flapping Wings
2026-08-05 08:56:48 - INFO - [HARDWARE] Action: Stop
2026-08-05 08:56:52 - INFO - [HARDWARE] Action: Stop
2026-08-05 08:56:52 - INFO - Scare mode deactivated. System ready.
2026-08-05 08:56:52 - INFO - [SCARE_ACTIVATED] Bird: crow, Confidence: 1.00
2026-08-05 08:56:52 - INFO - [HARDWARE] Action: Rotating Camera towards target
2026-08-05 08:56:52 - INFO - Playing scare sound: mock_scare2.wav at volume 1.0
2026-08-05 08:56:52 - INFO - [SCARE_SOUND] Played: mock_scare2.wav
2026-08-05 08:56:52 - INFO - Vision detection started.
2026-08-05 08:56:52 - INFO - [HARDWARE] Action: Flapping Wings
2026-08-05 08:56:53 - INFO - [HARDWARE] Action: Stop
2026-08-05 08:56:57 - INFO - [HARDWARE] Action: Stop
2026-08-05 08:56:57 - INFO - Scare mode deactivated. System ready.
2026-08-05 08:56:57 - INFO - [SCARE_ACTIVATED] Bird: crow, Confidence: 1.00
2026-08-05 08:56:57 - INFO - [HARDWARE] Action: Rotating Camera towards target
2026-08-05 08:56:57 - INFO - Playing scare sound: mock_scare1.wav at volume 1.0
2026-08-05 08:56:57 - INFO - [SCARE_SOUND] Played: mock_scare1.wav
2026-08-05 08:56:57 - INFO - [HARDWARE] Action: Flapping Wings
2026-08-05 08:56:58 - INFO - [HARDWARE] Action: Stop
2026-08-05 08:57:02 - INFO - [HARDWARE] Action: Stop
2026-08-05 08:57:02 - INFO - Scare mode deactivated. System ready.
2026-08-05 08:57:02 - INFO - [SCARE_ACTIVATED] Bird: crow, Confidence: 1.00
2026-08-05 08:57:02 - INFO - [HARDWARE] Action: Rotating Camera towards target
2026-08-05 08:57:02 - INFO - Playing scare sound: mock_scare1.wav at volume 1.0
2026-08-05 08:57:02 - INFO - [SCARE_SOUND] Played: mock_scare1.wav
2026-08-05 08:57:02 - INFO - [HARDWARE] Action: Flapping Wings
2026-08-05 08:57:03 - INFO - [HARDWARE] Action: Stop
2026-08-05 08:57:07 - INFO - [HARDWARE] Action: Stop
2026-08-05 08:57:07 - INFO - Scare mode deactivated. System ready.
2026-08-05 08:57:07 - INFO - [SCARE_ACTIVATED] Bird: crow, Confidence: 1.00
2026-08-05 08:57:07 - INFO - [HARDWARE] Action: Rotating Camera towards target
2026-08-05 08:57:07 - INFO - Playing scare sound: mock_scare1.wav at volume 1.0
2026-08-05 08:57:07 - INFO - [SCARE_SOUND] Played: mock_scare1.wav
2026-08-05 08:57:07 - INFO - [HARDWARE] Action: Flapping Wings
2026-08-05 08:57:08 - INFO - [HARDWARE] Action: Stop
2026-08-05 08:57:12 - INFO - [HARDWARE] Action: Stop
2026-08-05 08:57:12 - INFO - Scare mode deactivated. System ready.
2026-08-05 08:57:12 - INFO - [SCARE_ACTIVATED] Bird: crow, Confidence: 1.00
2026-08-05 08:57:12 - INFO - [HARDWARE] Action: Rotating Camera towards target
2026-08-05 08:57:12 - INFO - Playing scare sound: mock_scare1.wav at volume 1.0
2026-08-05 08:57:12 - INFO - [SCARE_SOUND] Played: mock_scare1.wav
2026-08-05 08:57:12 - INFO - [HARDWARE] Action: Flapping Wings
2026-08-05 08:57:13 - INFO - [HARDWARE] Action: Stop
2026-08-05 08:57:17 - INFO - [HARDWARE] Action: Stop
2026-08-05 08:57:17 - INFO - Scare mode deactivated. System ready.
2026-08-05 08:57:17 - INFO - [SCARE_ACTIVATED] Bird: crow, Confidence: 1.00
2026-08-05 08:57:17 - INFO - [HARDWARE] Action: Rotating Camera towards target
2026-08-05 08:57:17 - INFO - Playing scare sound: mock_scare2.wav at volume 1.0
2026-08-05 08:57:17 - INFO - [SCARE_SOUND] Played: mock_scare2.wav
2026-08-05 08:57:17 - INFO - [HARDWARE] Action: Flapping Wings
2026-08-05 08:57:18 - INFO - [HARDWARE] Action: Stop
2026-08-05 08:57:22 - INFO - [HARDWARE] Action: Stop
2026-08-05 08:57:22 - INFO - Scare mode deactivated. System ready.
2026-08-05 08:57:22 - INFO - [SCARE_ACTIVATED] Bird: crow, Confidence: 1.00
2026-08-05 08:57:22 - INFO - [HARDWARE] Action: Rotating Camera towards target
2026-08-05 08:57:22 - INFO - Playing scare sound: mock_scare2.wav at volume 1.0
2026-08-05 08:57:22 - INFO - [SCARE_SOUND] Played: mock_scare2.wav
2026-08-05 08:57:22 - INFO - [HARDWARE] Action: Flapping Wings
2026-08-05 08:57:23 - INFO - [HARDWARE] Action: Stop
2026-08-05 08:57:27 - INFO - [HARDWARE] Action: Stop
2026-08-05 08:57:27 - INFO - Scare mode deactivated. System ready.
2026-08-05 08:57:27 - INFO - [SCARE_ACTIVATED] Bird: crow, Confidence: 1.00
2026-08-05 08:57:27 - INFO - [HARDWARE] Action: Rotating Camera towards target
2026-08-05 08:57:27 - INFO - Playing scare sound: mock_scare2.wav at volume 1.0
2026-08-05 08:57:27 - INFO - [SCARE_SOUND] Played: mock_scare2.wav
2026-08-05 08:57:27 - INFO - [HARDWARE] Action: Flapping Wings
2026-08-05 08:57:28 - INFO - [HARDWARE] Action: Stop
2026-08-05 08:57:32 - INFO - [HARDWARE] Action: Stop
2026-08-05 08:57:32 - INFO - Scare mode deactivated. System ready.
2026-08-05 08:57:32 - INFO - [SCARE_ACTIVATED] Bird: crow, Confidence: 1.00
2026-08-05 08:57:32 - INFO - [HARDWARE] Action: Rotating Camera towards target
2026-08-05 08:57:32 - INFO - Playing scare sound: mock_scare1.wav at volume 1.0
2026-08-05 08:57:32 - INFO - [SCARE_SOUND] Played: mock_scare1.wav
2026-08-05 08:57:32 - INFO - [HARDWARE] Action: Flapping Wings
2026-08-05 08:57:33 - INFO - [HARDWARE] Action: Stop
2026-08-05 08:57:37 - INFO - [HARDWARE] Action: Stop
2026-08-05 08:57:37 - INFO - Scare mode deactivated. System ready.
2026-08-05 08:57:37 - INFO - [SCARE_ACTIVATED] Bird: crow, Confidence: 1.00
2026-08-05 08:57:37 - INFO - [HARDWARE] Action: Rotating Camera towards target
2026-08-05 08:57:37 - INFO - Playing scare sound: mock_scare1.wav at volume 1.0
2026-08-05 08:57:37 - INFO - [SCARE_SOUND] Played: mock_scare1.wav
2026-08-05 08:57:37 - INFO - [HARDWARE] Action: Flapping Wings
2026-08-05 08:57:38 - INFO - [HARDWARE] Action: Stop
2026-08-05 08:57:42 - INFO - [HARDWARE] Action: Stop
2026-08-05 08:57:42 - INFO - Scare mode deactivated. System ready.
2026-08-05 08:57:42 - INFO - [SCARE_ACTIVATED] Bird: crow, Confidence: 1.00
2026-08-05 08:57:42 - INFO - [HARDWARE] Action: Rotating Camera towards target
2026-08-05 08:57:42 - INFO - Playing scare sound: mock_scare1.wav at volume 1.0
2026-08-05 08:57:42 - INFO - [SCARE_SOUND] Played: mock_scare1.wav
2026-08-05 08:57:42 - INFO - [HARDWARE] Action: Flapping Wings
2026-08-05 08:57:43 - INFO - [HARDWARE] Action: Stop
2026-08-05 08:57:47 - INFO - [HARDWARE] Action: Stop
2026-08-05 08:57:47 - INFO - Scare mode deactivated. System ready.
2026-08-05 08:57:47 - INFO - [SCARE_ACTIVATED] Bird: crow, Confidence: 1.00
2026-08-05 08:57:47 - INFO - [HARDWARE] Action: Rotating Camera towards target
2026-08-05 08:57:47 - INFO - Playing scare sound: mock_scare2.wav at volume 1.0
2026-08-05 08:57:47 - INFO - [SCARE_SOUND] Played: mock_scare2.wav
2026-08-05 08:57:47 - INFO - [HARDWARE] Action: Flapping Wings
2026-08-05 08:57:48 - INFO - [HARDWARE] Action: Stop
2026-08-05 08:57:52 - INFO - [HARDWARE] Action: Stop
2026-08-05 08:57:52 - INFO - Scare mode deactivated. System ready.
2026-08-05 08:57:52 - INFO - [SCARE_ACTIVATED] Bird: crow, Confidence: 1.00
2026-08-05 08:57:52 - INFO - [HARDWARE] Action: Rotating Camera towards target
2026-08-05 08:57:52 - INFO - Playing scare sound: mock_scare1.wav at volume 1.0
2026-08-05 08:57:52 - INFO - [SCARE_SOUND] Played: mock_scare1.wav
2026-08-05 08:57:52 - INFO - [HARDWARE] Action: Flapping Wings
2026-08-05 08:57:53 - INFO - [HARDWARE] Action: Stop
2026-08-05 08:57:57 - INFO - [HARDWARE] Action: Stop
2026-08-05 08:57:57 - INFO - Scare mode deactivated. System ready.
2026-08-05 08:57:57 - INFO - [SCARE_ACTIVATED] Bird: crow, Confidence: 1.00
2026-08-05 08:57:57 - INFO - [HARDWARE] Action: Rotating Camera towards target
2026-08-05 08:57:57 - INFO - Playing scare sound: mock_scare2.wav at volume 1.0
2026-08-05 08:57:57 - INFO - [SCARE_SOUND] Played: mock_scare2.wav
2026-08-05 08:57:57 - INFO - [HARDWARE] Action: Flapping Wings
2026-08-05 08:57:58 - INFO - [HARDWARE] Action: Stop
2026-08-05 08:58:02 - INFO - [HARDWARE] Action: Stop
2026-08-05 08:58:02 - INFO - Scare mode deactivated. System ready.
2026-08-05 08:58:02 - INFO - [SCARE_ACTIVATED] Bird: crow, Confidence: 1.00
2026-08-05 08:58:02 - INFO - [HARDWARE] Action: Rotating Camera towards target
2026-08-05 08:58:02 - INFO - Playing scare sound: mock_scare1.wav at volume 1.0
2026-08-05 08:58:02 - INFO - [SCARE_SOUND] Played: mock_scare1.wav
2026-08-05 08:58:02 - INFO - [HARDWARE] Action: Flapping Wings
2026-08-05 08:58:03 - INFO - [HARDWARE] Action: Stop
2026-08-05 08:58:07 - INFO - [HARDWARE] Action: Stop
2026-08-05 08:58:07 - INFO - Scare mode deactivated. System ready.
2026-08-05 08:58:07 - INFO - [SCARE_ACTIVATED] Bird: crow, Confidence: 1.00
2026-08-05 08:58:07 - INFO - [HARDWARE] Action: Rotating Camera towards target
2026-08-05 08:58:07 - INFO - Playing scare sound: mock_scare2.wav at volume 1.0
2026-08-05 08:58:07 - INFO - [SCARE_SOUND] Played: mock_scare2.wav
2026-08-05 08:58:07 - INFO - [HARDWARE] Action: Flapping Wings
2026-08-05 08:58:08 - INFO - [HARDWARE] Action: Stop
2026-08-05 08:58:12 - INFO - [HARDWARE] Action: Stop
2026-08-05 08:58:12 - INFO - Scare mode deactivated. System ready.
2026-08-05 08:58:12 - INFO - [SCARE_ACTIVATED] Bird: crow, Confidence: 1.00
2026-08-05 08:58:12 - INFO - [HARDWARE] Action: Rotating Camera towards target
2026-08-05 08:58:12 - INFO - Playing scare sound: mock_scare1.wav at volume 1.0
2026-08-05 08:58:12 - INFO - [SCARE_SOUND] Played: mock_scare1.wav
2026-08-05 08:58:12 - INFO - [HARDWARE] Action: Flapping Wings
2026-08-05 08:58:13 - INFO - [HARDWARE] Action: Stop
2026-08-05 08:58:17 - INFO - [HARDWARE] Action: Stop
2026-08-05 08:58:17 - INFO - Scare mode deactivated. System ready.
2026-08-05 08:58:17 - INFO - [SCARE_ACTIVATED] Bird: crow, Confidence: 1.00
2026-08-05 08:58:17 - INFO - [HARDWARE] Action: Rotating Camera towards target
2026-08-05 08:58:17 - INFO - Playing scare sound: mock_scare2.wav at volume 1.0
2026-08-05 08:58:17 - INFO - [SCARE_SOUND] Played: mock_scare2.wav
2026-08-05 08:58:17 - INFO - [HARDWARE] Action: Flapping Wings
2026-08-05 08:58:18 - INFO - [HARDWARE] Action: Stop
2026-08-05 08:58:22 - INFO - [HARDWARE] Action: Stop
2026-08-05 08:58:22 - INFO - Scare mode deactivated. System ready.
2026-08-05 08:58:22 - INFO - [SCARE_ACTIVATED] Bird: crow, Confidence: 1.00
2026-08-05 08:58:22 - INFO - [HARDWARE] Action: Rotating Camera towards target
2026-08-05 08:58:22 - INFO - Playing scare sound: mock_scare2.wav at volume 1.0
2026-08-05 08:58:22 - INFO - [SCARE_SOUND] Played: mock_scare2.wav
2026-08-05 08:58:22 - INFO - [HARDWARE] Action: Flapping Wings
2026-08-05 08:58:23 - INFO - [HARDWARE] Action: Stop
2026-08-05 08:58:27 - INFO - [HARDWARE] Action: Stop
2026-08-05 08:58:27 - INFO - Scare mode deactivated. System ready.
2026-08-05 08:58:27 - INFO - [SCARE_ACTIVATED] Bird: crow, Confidence: 1.00
2026-08-05 08:58:27 - INFO - [HARDWARE] Action: Rotating Camera towards target
2026-08-05 08:58:27 - INFO - Playing scare sound: mock_scare2.wav at volume 1.0
2026-08-05 08:58:27 - INFO - [SCARE_SOUND] Played: mock_scare2.wav
2026-08-05 08:58:27 - INFO - [HARDWARE] Action: Flapping Wings
2026-08-05 08:58:28 - INFO - [HARDWARE] Action: Stop
2026-08-05 08:58:32 - INFO - [HARDWARE] Action: Stop
2026-08-05 08:58:32 - INFO - Scare mode deactivated. System ready.
2026-08-05 08:58:32 - INFO - [SCARE_ACTIVATED] Bird: crow, Confidence: 1.00
2026-08-05 08:58:32 - INFO - [HARDWARE] Action: Rotating Camera towards target
2026-08-05 08:58:32 - INFO - Playing scare sound: mock_scare1.wav at volume 1.0
2026-08-05 08:58:32 - INFO - [SCARE_SOUND] Played: mock_scare1.wav
2026-08-05 08:58:32 - INFO - [HARDWARE] Action: Flapping Wings
2026-08-05 08:58:33 - INFO - [HARDWARE] Action: Stop
2026-08-05 08:58:37 - INFO - [HARDWARE] Action: Stop
2026-08-05 08:58:37 - INFO - Scare mode deactivated. System ready.
2026-08-05 08:58:37 - INFO - [SCARE_ACTIVATED] Bird: crow, Confidence: 1.00
2026-08-05 08:58:37 - INFO - [HARDWARE] Action: Rotating Camera towards target
2026-08-05 08:58:37 - INFO - Playing scare sound: mock_scare2.wav at volume 1.0
2026-08-05 08:58:37 - INFO - [SCARE_SOUND] Played: mock_scare2.wav
2026-08-05 08:58:37 - INFO - [HARDWARE] Action: Flapping Wings
2026-08-05 08:58:38 - INFO - [HARDWARE] Action: Stop
2026-08-05 08:58:42 - INFO - [HARDWARE] Action: Stop
2026-08-05 08:58:42 - INFO - Scare mode deactivated. System ready.
2026-08-05 08:58:42 - INFO - [SCARE_ACTIVATED] Bird: crow, Confidence: 1.00
2026-08-05 08:58:42 - INFO - [HARDWARE] Action: Rotating Camera towards target
2026-08-05 08:58:42 - INFO - Playing scare sound: mock_scare2.wav at volume 1.0
2026-08-05 08:58:42 - INFO - [SCARE_SOUND] Played: mock_scare2.wav
2026-08-05 08:58:42 - INFO - [HARDWARE] Action: Flapping Wings
2026-08-05 08:58:43 - INFO - [HARDWARE] Action: Stop
2026-08-05 08:58:47 - INFO - [HARDWARE] Action: Stop
2026-08-05 08:58:47 - INFO - Scare mode deactivated. System ready.
2026-08-05 08:58:47 - INFO - [SCARE_ACTIVATED] Bird: crow, Confidence: 1.00
2026-08-05 08:58:47 - INFO - [HARDWARE] Action: Rotating Camera towards target
2026-08-05 08:58:47 - INFO - Playing scare sound: mock_scare2.wav at volume 1.0
2026-08-05 08:58:47 - INFO - [SCARE_SOUND] Played: mock_scare2.wav
2026-08-05 08:58:48 - INFO - [HARDWARE] Action: Flapping Wings
2026-08-05 08:58:48 - INFO - [HARDWARE] Action: Stop
2026-08-05 08:58:52 - INFO - [HARDWARE] Action: Stop
2026-08-05 08:58:52 - INFO - Scare mode deactivated. System ready.
2026-08-05 08:58:52 - INFO - [SCARE_ACTIVATED] Bird: crow, Confidence: 1.00
2026-08-05 08:58:52 - INFO - [HARDWARE] Action: Rotating Camera towards target
2026-08-05 08:58:52 - INFO - Playing scare sound: mock_scare2.wav at volume 1.0
2026-08-05 08:58:52 - INFO - [SCARE_SOUND] Played: mock_scare2.wav
2026-08-05 08:58:53 - INFO - [HARDWARE] Action: Flapping Wings
2026-08-05 08:58:53 - INFO - [HARDWARE] Action: Stop
2026-08-05 08:58:57 - INFO - [HARDWARE] Action: Stop
2026-08-05 08:58:57 - INFO - Scare mode deactivated. System ready.
2026-08-05 08:58:57 - INFO - [SCARE_ACTIVATED] Bird: crow, Confidence: 1.00
2026-08-05 08:58:57 - INFO - [HARDWARE] Action: Rotating Camera towards target
2026-08-05 08:58:57 - INFO - Playing scare sound: mock_scare2.wav at volume 1.0
2026-08-05 08:58:57 - INFO - [SCARE_SOUND] Played: mock_scare2.wav
2026-08-05 08:58:58 - INFO - [HARDWARE] Action: Flapping Wings
2026-08-05 08:58:58 - INFO - [HARDWARE] Action: Stop
2026-08-05 08:59:02 - INFO - [HARDWARE] Action: Stop
2026-08-05 08:59:02 - INFO - Scare mode deactivated. System ready.
2026-08-05 08:59:02 - INFO - [SCARE_ACTIVATED] Bird: crow, Confidence: 1.00
2026-08-05 08:59:02 - INFO - [HARDWARE] Action: Rotating Camera towards target
2026-08-05 08:59:02 - INFO - Playing scare sound: mock_scare2.wav at volume 1.0
2026-08-05 08:59:02 - INFO - [SCARE_SOUND] Played: mock_scare2.wav
2026-08-05 08:59:03 - INFO - [HARDWARE] Action: Flapping Wings
2026-08-05 08:59:03 - INFO - [HARDWARE] Action: Stop
2026-08-05 08:59:07 - INFO - [HARDWARE] Action: Stop
2026-08-05 08:59:07 - INFO - Scare mode deactivated. System ready.
2026-08-05 08:59:07 - INFO - [SCARE_ACTIVATED] Bird: crow, Confidence: 1.00
2026-08-05 08:59:07 - INFO - [HARDWARE] Action: Rotating Camera towards target
2026-08-05 08:59:07 - INFO - Playing scare sound: mock_scare1.wav at volume 1.0
2026-08-05 08:59:07 - INFO - [SCARE_SOUND] Played: mock_scare1.wav
2026-08-05 08:59:08 - INFO - [HARDWARE] Action: Flapping Wings
2026-08-05 08:59:08 - INFO - [HARDWARE] Action: Stop
2026-08-05 08:59:12 - INFO - [HARDWARE] Action: Stop
2026-08-05 08:59:12 - INFO - Scare mode deactivated. System ready.
2026-08-05 08:59:12 - INFO - [SCARE_ACTIVATED] Bird: crow, Confidence: 1.00
2026-08-05 08:59:12 - INFO - [HARDWARE] Action: Rotating Camera towards target
2026-08-05 08:59:12 - INFO - Playing scare sound: mock_scare1.wav at volume 1.0
2026-08-05 08:59:12 - INFO - [SCARE_SOUND] Played: mock_scare1.wav
2026-08-05 08:59:13 - INFO - [HARDWARE] Action: Flapping Wings
2026-08-05 08:59:13 - INFO - [HARDWARE] Action: Stop
2026-08-05 08:59:17 - INFO - [HARDWARE] Action: Stop
2026-08-05 08:59:17 - INFO - Scare mode deactivated. System ready.
2026-08-05 08:59:17 - INFO - [SCARE_ACTIVATED] Bird: crow, Confidence: 1.00
2026-08-05 08:59:17 - INFO - [HARDWARE] Action: Rotating Camera towards target
2026-08-05 08:59:17 - INFO - Playing scare sound: mock_scare1.wav at volume 1.0
2026-08-05 08:59:17 - INFO - [SCARE_SOUND] Played: mock_scare1.wav
2026-08-05 08:59:18 - INFO - [HARDWARE] Action: Flapping Wings
2026-08-05 08:59:18 - INFO - [HARDWARE] Action: Stop
2026-08-05 08:59:22 - INFO - [HARDWARE] Action: Stop
2026-08-05 08:59:22 - INFO - Scare mode deactivated. System ready.
2026-08-05 08:59:22 - INFO - [SCARE_ACTIVATED] Bird: crow, Confidence: 1.00
2026-08-05 08:59:22 - INFO - [HARDWARE] Action: Rotating Camera towards target
2026-08-05 08:59:22 - INFO - Playing scare sound: mock_scare2.wav at volume 1.0
2026-08-05 08:59:22 - INFO - [SCARE_SOUND] Played: mock_scare2.wav
2026-08-05 08:59:23 - INFO - [HARDWARE] Action: Flapping Wings
2026-08-05 08:59:23 - INFO - [HARDWARE] Action: Stop
2026-08-05 08:59:27 - INFO - [HARDWARE] Action: Stop
2026-08-05 08:59:27 - INFO - Scare mode deactivated. System ready.
2026-08-05 08:59:27 - INFO - [SCARE_ACTIVATED] Bird: crow, Confidence: 1.00
2026-08-05 08:59:27 - INFO - [HARDWARE] Action: Rotating Camera towards target
2026-08-05 08:59:27 - INFO - Playing scare sound: mock_scare2.wav at volume 1.0
2026-08-05 08:59:27 - INFO - [SCARE_SOUND] Played: mock_scare2.wav
2026-08-05 08:59:28 - INFO - [HARDWARE] Action: Flapping Wings
2026-08-05 08:59:28 - INFO - [HARDWARE] Action: Stop
2026-08-05 08:59:32 - INFO - [HARDWARE] Action: Stop
2026-08-05 08:59:32 - INFO - Scare mode deactivated. System ready.
2026-08-05 08:59:32 - INFO - [SCARE_ACTIVATED] Bird: crow, Confidence: 1.00
2026-08-05 08:59:32 - INFO - [HARDWARE] Action: Rotating Camera towards target
2026-08-05 08:59:32 - INFO - Playing scare sound: mock_scare2.wav at volume 1.0
2026-08-05 08:59:32 - INFO - [SCARE_SOUND] Played: mock_scare2.wav
2026-08-05 08:59:33 - INFO - [HARDWARE] Action: Flapping Wings
2026-08-05 08:59:33 - INFO - [HARDWARE] Action: Stop
2026-08-05 08:59:37 - INFO - [HARDWARE] Action: Stop
2026-08-05 08:59:37 - INFO - Scare mode deactivated. System ready.
2026-08-05 08:59:37 - INFO - [SCARE_ACTIVATED] Bird: crow, Confidence: 1.00
2026-08-05 08:59:37 - INFO - [HARDWARE] Action: Rotating Camera towards target
2026-08-05 08:59:37 - INFO - Playing scare sound: mock_scare2.wav at volume 1.0
2026-08-05 08:59:37 - INFO - [SCARE_SOUND] Played: mock_scare2.wav
2026-08-05 08:59:38 - INFO - [HARDWARE] Action: Flapping Wings
2026-08-05 08:59:38 - INFO - [HARDWARE] Action: Stop
2026-08-05 08:59:42 - INFO - [HARDWARE] Action: Stop
2026-08-05 08:59:42 - INFO - Scare mode deactivated. System ready.
2026-08-05 08:59:42 - INFO - [SCARE_ACTIVATED] Bird: crow, Confidence: 1.00
2026-08-05 08:59:42 - INFO - [HARDWARE] Action: Rotating Camera towards target
2026-08-05 08:59:42 - INFO - Playing scare sound: mock_scare2.wav at volume 1.0
2026-08-05 08:59:42 - INFO - [SCARE_SOUND] Played: mock_scare2.wav
2026-08-05 08:59:43 - INFO - [HARDWARE] Action: Flapping Wings
2026-08-05 08:59:43 - INFO - [HARDWARE] Action: Stop
2026-08-05 08:59:47 - INFO - [HARDWARE] Action: Stop
2026-08-05 08:59:47 - INFO - Scare mode deactivated. System ready.
2026-08-05 09:02:23 - INFO - Starting audio feature extraction...
2026-08-05 09:02:29 - INFO - Encoding labels...
2026-08-05 09:02:29 - INFO - Training Random Forest Classifier...
2026-08-05 09:02:29 - INFO - Evaluating model...
2026-08-05 09:03:03 - INFO - Starting audio feature extraction...
2026-08-05 09:03:05 - INFO - Encoding labels...
2026-08-05 09:03:05 - INFO - Training Random Forest Classifier...
2026-08-05 09:03:05 - INFO - Evaluating model...
2026-08-05 09:03:05 - INFO - Classification Report:
              precision    recall  f1-score   support

  background       1.00      1.00      1.00         2
        crow       0.00      0.00      0.00         0

    accuracy                           1.00         2
   macro avg       0.50      0.50      0.50         2
weighted avg       1.00      1.00      1.00         2

2026-08-05 09:03:05 - INFO - Audio model trained and saved successfully.
2026-08-05 09:03:30 - INFO - Hardware Mock initialized.
2026-08-05 09:03:32 - INFO - ScarePlayer initialized.
2026-08-05 09:03:32 - INFO - Initializing ScareX system...
2026-08-05 09:03:32 - INFO - YOLOv11 model loaded successfully.
2026-08-05 09:03:34 - INFO - Audio model and label encoder loaded successfully.
2026-08-05 09:03:35 - INFO - Starting GUI event loop.
2026-08-05 09:03:36 - INFO - Audio recognition started.
2026-08-05 09:03:36 - INFO - Decision engine started.
2026-08-05 09:03:36 - INFO - System started via GUI.
2026-08-05 09:03:43 - INFO - [SCARE_ACTIVATED] Bird: background, Confidence: 0.93
2026-08-05 09:03:43 - INFO - [HARDWARE] Action: Rotating Camera towards target
2026-08-05 09:03:43 - INFO - Playing scare sound: mock_scare2.wav at volume 1.0
2026-08-05 09:03:43 - INFO - [SCARE_SOUND] Played: mock_scare2.wav
2026-08-05 09:03:43 - INFO - [HARDWARE] Action: Flapping Wings
2026-08-05 09:03:44 - INFO - [HARDWARE] Action: Stop
2026-08-05 09:03:48 - INFO - [SCARE_ACTIVATED] Bird: background, Confidence: 0.88
2026-08-05 09:03:48 - INFO - [HARDWARE] Action: Rotating Camera towards target
2026-08-05 09:03:48 - INFO - Playing scare sound: mock_scare2.wav at volume 1.0
2026-08-05 09:03:48 - INFO - [SCARE_SOUND] Played: mock_scare2.wav
2026-08-05 09:03:48 - INFO - [HARDWARE] Action: Flapping Wings
2026-08-05 09:03:49 - INFO - [HARDWARE] Action: Stop
2026-08-05 09:03:53 - INFO - [HARDWARE] Action: Stop
2026-08-05 09:03:53 - INFO - Scare mode deactivated. System ready.
2026-08-05 09:03:53 - INFO - [SCARE_ACTIVATED] Bird: background, Confidence: 0.86
2026-08-05 09:03:53 - INFO - [HARDWARE] Action: Rotating Camera towards target
2026-08-05 09:03:53 - INFO - Playing scare sound: mock_scare1.wav at volume 1.0
2026-08-05 09:03:53 - INFO - [SCARE_SOUND] Played: mock_scare1.wav
2026-08-05 09:03:53 - INFO - [HARDWARE] Action: Flapping Wings
2026-08-05 09:03:54 - INFO - [HARDWARE] Action: Stop
2026-08-05 09:03:58 - INFO - [HARDWARE] Action: Stop
2026-08-05 09:03:58 - INFO - Scare mode deactivated. System ready.
2026-08-05 09:03:58 - INFO - [SCARE_ACTIVATED] Bird: background, Confidence: 0.90
2026-08-05 09:03:58 - INFO - [HARDWARE] Action: Rotating Camera towards target
2026-08-05 09:03:58 - INFO - Playing scare sound: mock_scare2.wav at volume 1.0
2026-08-05 09:03:58 - INFO - [SCARE_SOUND] Played: mock_scare2.wav
2026-08-05 09:03:58 - INFO - [HARDWARE] Action: Flapping Wings
2026-08-05 09:03:59 - INFO - [HARDWARE] Action: Stop
2026-08-05 09:04:03 - INFO - [HARDWARE] Action: Stop
2026-08-05 09:04:03 - INFO - Scare mode deactivated. System ready.
2026-08-05 09:04:03 - INFO - [SCARE_ACTIVATED] Bird: background, Confidence: 0.86
2026-08-05 09:04:03 - INFO - [HARDWARE] Action: Rotating Camera towards target
2026-08-05 09:04:03 - INFO - Playing scare sound: mock_scare1.wav at volume 1.0
2026-08-05 09:04:03 - INFO - [SCARE_SOUND] Played: mock_scare1.wav
2026-08-05 09:04:03 - INFO - [HARDWARE] Action: Flapping Wings
2026-08-05 09:04:04 - INFO - [HARDWARE] Action: Stop
2026-08-05 09:04:08 - INFO - [HARDWARE] Action: Stop
2026-08-05 09:04:08 - INFO - Scare mode deactivated. System ready.
2026-08-05 09:04:08 - INFO - [SCARE_ACTIVATED] Bird: background, Confidence: 0.90
2026-08-05 09:04:08 - INFO - [HARDWARE] Action: Rotating Camera towards target
2026-08-05 09:04:08 - INFO - Playing scare sound: mock_scare1.wav at volume 1.0
2026-08-05 09:04:08 - INFO - [SCARE_SOUND] Played: mock_scare1.wav
2026-08-05 09:04:08 - INFO - [HARDWARE] Action: Flapping Wings
2026-08-05 09:04:09 - INFO - [HARDWARE] Action: Stop
2026-08-05 09:04:13 - INFO - [HARDWARE] Action: Stop
2026-08-05 09:04:13 - INFO - Scare mode deactivated. System ready.
2026-08-05 09:04:13 - INFO - [SCARE_ACTIVATED] Bird: background, Confidence: 0.90
2026-08-05 09:04:13 - INFO - [HARDWARE] Action: Rotating Camera towards target
2026-08-05 09:04:13 - INFO - Playing scare sound: mock_scare2.wav at volume 1.0
2026-08-05 09:04:13 - INFO - [SCARE_SOUND] Played: mock_scare2.wav
2026-08-05 09:04:13 - INFO - [HARDWARE] Action: Flapping Wings
2026-08-05 09:04:14 - INFO - [HARDWARE] Action: Stop
2026-08-05 09:04:18 - INFO - [HARDWARE] Action: Stop
2026-08-05 09:04:18 - INFO - Scare mode deactivated. System ready.
2026-08-05 09:04:18 - INFO - [SCARE_ACTIVATED] Bird: background, Confidence: 0.86
2026-08-05 09:04:18 - INFO - [HARDWARE] Action: Rotating Camera towards target
2026-08-05 09:04:18 - INFO - Playing scare sound: mock_scare2.wav at volume 1.0
2026-08-05 09:04:18 - INFO - [SCARE_SOUND] Played: mock_scare2.wav
2026-08-05 09:04:18 - INFO - [HARDWARE] Action: Flapping Wings
2026-08-05 09:04:19 - INFO - [HARDWARE] Action: Stop
2026-08-05 09:04:23 - INFO - [HARDWARE] Action: Stop
2026-08-05 09:04:23 - INFO - Scare mode deactivated. System ready.
2026-08-05 09:04:23 - INFO - [SCARE_ACTIVATED] Bird: background, Confidence: 0.85
2026-08-05 09:04:23 - INFO - [HARDWARE] Action: Rotating Camera towards target
2026-08-05 09:04:23 - INFO - Playing scare sound: mock_scare1.wav at volume 1.0
2026-08-05 09:04:23 - INFO - [SCARE_SOUND] Played: mock_scare1.wav
2026-08-05 09:04:23 - INFO - [HARDWARE] Action: Flapping Wings
2026-08-05 09:04:24 - INFO - [HARDWARE] Action: Stop
2026-08-05 09:04:28 - INFO - [HARDWARE] Action: Stop
2026-08-05 09:04:28 - INFO - Scare mode deactivated. System ready.
2026-08-05 09:04:28 - INFO - [SCARE_ACTIVATED] Bird: background, Confidence: 0.88
2026-08-05 09:04:28 - INFO - [HARDWARE] Action: Rotating Camera towards target
2026-08-05 09:04:28 - INFO - Playing scare sound: mock_scare1.wav at volume 1.0
2026-08-05 09:04:28 - INFO - [SCARE_SOUND] Played: mock_scare1.wav
2026-08-05 09:04:28 - INFO - [HARDWARE] Action: Flapping Wings
2026-08-05 09:04:29 - INFO - [HARDWARE] Action: Stop
2026-08-05 09:04:33 - INFO - [HARDWARE] Action: Stop
2026-08-05 09:04:33 - INFO - Scare mode deactivated. System ready.
2026-08-05 09:04:33 - INFO - [SCARE_ACTIVATED] Bird: background, Confidence: 0.90
2026-08-05 09:04:33 - INFO - [HARDWARE] Action: Rotating Camera towards target
2026-08-05 09:04:33 - INFO - Playing scare sound: mock_scare2.wav at volume 1.0
2026-08-05 09:04:33 - INFO - [SCARE_SOUND] Played: mock_scare2.wav
2026-08-05 09:04:33 - INFO - [HARDWARE] Action: Flapping Wings
2026-08-05 09:04:34 - INFO - [HARDWARE] Action: Stop
2026-08-05 09:04:34 - INFO - Vision detection started.
2026-08-05 09:04:38 - INFO - [HARDWARE] Action: Stop
2026-08-05 09:04:38 - INFO - Scare mode deactivated. System ready.
2026-08-05 09:04:38 - INFO - [SCARE_ACTIVATED] Bird: background, Confidence: 0.89
2026-08-05 09:04:38 - INFO - [HARDWARE] Action: Rotating Camera towards target
2026-08-05 09:04:38 - INFO - Playing scare sound: mock_scare2.wav at volume 1.0
2026-08-05 09:04:38 - INFO - [SCARE_SOUND] Played: mock_scare2.wav
2026-08-05 09:04:38 - INFO - [HARDWARE] Action: Flapping Wings
2026-08-05 09:04:39 - INFO - [HARDWARE] Action: Stop
2026-08-05 09:04:43 - INFO - [HARDWARE] Action: Stop
2026-08-05 09:04:43 - INFO - Scare mode deactivated. System ready.
2026-08-05 09:04:43 - INFO - [SCARE_ACTIVATED] Bird: background, Confidence: 0.89
2026-08-05 09:04:43 - INFO - [HARDWARE] Action: Rotating Camera towards target
2026-08-05 09:04:43 - INFO - Playing scare sound: mock_scare1.wav at volume 1.0
2026-08-05 09:04:43 - INFO - [SCARE_SOUND] Played: mock_scare1.wav
2026-08-05 09:04:43 - INFO - [HARDWARE] Action: Flapping Wings
2026-08-05 09:04:44 - INFO - [HARDWARE] Action: Stop
2026-08-05 09:04:48 - INFO - [HARDWARE] Action: Stop
2026-08-05 09:04:48 - INFO - Scare mode deactivated. System ready.
2026-08-05 09:04:48 - INFO - [SCARE_ACTIVATED] Bird: background, Confidence: 0.93
2026-08-05 09:04:48 - INFO - [HARDWARE] Action: Rotating Camera towards target
2026-08-05 09:04:48 - INFO - Playing scare sound: mock_scare2.wav at volume 1.0
2026-08-05 09:04:48 - INFO - [SCARE_SOUND] Played: mock_scare2.wav
2026-08-05 09:04:48 - INFO - [HARDWARE] Action: Flapping Wings
2026-08-05 09:04:49 - INFO - [HARDWARE] Action: Stop
2026-08-05 09:04:53 - INFO - [HARDWARE] Action: Stop
2026-08-05 09:04:53 - INFO - Scare mode deactivated. System ready.
2026-08-05 09:04:53 - INFO - [SCARE_ACTIVATED] Bird: background, Confidence: 0.90
2026-08-05 09:04:53 - INFO - [HARDWARE] Action: Rotating Camera towards target
2026-08-05 09:04:53 - INFO - Playing scare sound: mock_scare2.wav at volume 1.0
2026-08-05 09:04:53 - INFO - [SCARE_SOUND] Played: mock_scare2.wav
2026-08-05 09:04:53 - INFO - [HARDWARE] Action: Flapping Wings
2026-08-05 09:04:54 - INFO - [HARDWARE] Action: Stop
2026-08-05 09:04:58 - INFO - [HARDWARE] Action: Stop
2026-08-05 09:04:58 - INFO - Scare mode deactivated. System ready.
2026-08-05 09:04:58 - INFO - [SCARE_ACTIVATED] Bird: background, Confidence: 0.84
2026-08-05 09:04:58 - INFO - [HARDWARE] Action: Rotating Camera towards target
2026-08-05 09:04:58 - INFO - Playing scare sound: mock_scare1.wav at volume 1.0
2026-08-05 09:04:58 - INFO - [SCARE_SOUND] Played: mock_scare1.wav
2026-08-05 09:04:58 - INFO - [HARDWARE] Action: Flapping Wings
2026-08-05 09:04:59 - INFO - [HARDWARE] Action: Stop
2026-08-05 09:05:03 - INFO - [HARDWARE] Action: Stop
2026-08-05 09:05:03 - INFO - Scare mode deactivated. System ready.
2026-08-05 09:05:03 - INFO - [SCARE_ACTIVATED] Bird: background, Confidence: 0.90
2026-08-05 09:05:03 - INFO - [HARDWARE] Action: Rotating Camera towards target
2026-08-05 09:05:03 - INFO - Playing scare sound: mock_scare1.wav at volume 1.0
2026-08-05 09:05:03 - INFO - [SCARE_SOUND] Played: mock_scare1.wav
2026-08-05 09:05:03 - INFO - [HARDWARE] Action: Flapping Wings
2026-08-05 09:05:04 - INFO - [HARDWARE] Action: Stop
2026-08-05 09:05:08 - INFO - [HARDWARE] Action: Stop
2026-08-05 09:05:08 - INFO - Scare mode deactivated. System ready.
2026-08-05 09:05:08 - INFO - [SCARE_ACTIVATED] Bird: background, Confidence: 0.89
2026-08-05 09:05:08 - INFO - [HARDWARE] Action: Rotating Camera towards target
2026-08-05 09:05:08 - INFO - Playing scare sound: mock_scare2.wav at volume 1.0
2026-08-05 09:05:08 - INFO - [SCARE_SOUND] Played: mock_scare2.wav
2026-08-05 09:05:08 - INFO - [HARDWARE] Action: Flapping Wings
2026-08-05 09:05:09 - INFO - [HARDWARE] Action: Stop
2026-08-05 09:05:13 - INFO - [HARDWARE] Action: Stop
2026-08-05 09:05:13 - INFO - Scare mode deactivated. System ready.
2026-08-05 09:05:13 - INFO - [SCARE_ACTIVATED] Bird: background, Confidence: 0.86
2026-08-05 09:05:13 - INFO - [HARDWARE] Action: Rotating Camera towards target
2026-08-05 09:05:13 - INFO - Playing scare sound: mock_scare2.wav at volume 1.0
2026-08-05 09:05:13 - INFO - [SCARE_SOUND] Played: mock_scare2.wav
2026-08-05 09:05:13 - INFO - [HARDWARE] Action: Flapping Wings
2026-08-05 09:05:14 - INFO - [HARDWARE] Action: Stop
2026-08-05 09:05:18 - INFO - [HARDWARE] Action: Stop
2026-08-05 09:05:18 - INFO - Scare mode deactivated. System ready.
2026-08-05 09:05:18 - INFO - [SCARE_ACTIVATED] Bird: background, Confidence: 0.91
2026-08-05 09:05:18 - INFO - [HARDWARE] Action: Rotating Camera towards target
2026-08-05 09:05:18 - INFO - Playing scare sound: mock_scare1.wav at volume 1.0
2026-08-05 09:05:18 - INFO - [SCARE_SOUND] Played: mock_scare1.wav
2026-08-05 09:05:18 - INFO - [HARDWARE] Action: Flapping Wings
2026-08-05 09:05:19 - INFO - [HARDWARE] Action: Stop
2026-08-05 09:05:23 - INFO - [HARDWARE] Action: Stop
2026-08-05 09:05:23 - INFO - Scare mode deactivated. System ready.
2026-08-05 09:05:23 - INFO - [SCARE_ACTIVATED] Bird: background, Confidence: 0.88
2026-08-05 09:05:23 - INFO - [HARDWARE] Action: Rotating Camera towards target
2026-08-05 09:05:23 - INFO - Playing scare sound: mock_scare1.wav at volume 1.0
2026-08-05 09:05:23 - INFO - [SCARE_SOUND] Played: mock_scare1.wav
2026-08-05 09:05:23 - INFO - [HARDWARE] Action: Flapping Wings
2026-08-05 09:05:24 - INFO - [HARDWARE] Action: Stop
2026-08-05 09:05:28 - INFO - [HARDWARE] Action: Stop
2026-08-05 09:05:28 - INFO - Scare mode deactivated. System ready.
2026-08-05 09:05:28 - INFO - [SCARE_ACTIVATED] Bird: background, Confidence: 0.90
2026-08-05 09:05:28 - INFO - [HARDWARE] Action: Rotating Camera towards target
2026-08-05 09:05:28 - INFO - Playing scare sound: mock_scare1.wav at volume 1.0
2026-08-05 09:05:28 - INFO - [SCARE_SOUND] Played: mock_scare1.wav
2026-08-05 09:05:28 - INFO - [HARDWARE] Action: Flapping Wings
2026-08-05 09:05:29 - INFO - [HARDWARE] Action: Stop
2026-08-05 09:05:33 - INFO - [HARDWARE] Action: Stop
2026-08-05 09:05:33 - INFO - Scare mode deactivated. System ready.
2026-08-05 09:05:33 - INFO - [SCARE_ACTIVATED] Bird: background, Confidence: 0.90
2026-08-05 09:05:33 - INFO - [HARDWARE] Action: Rotating Camera towards target
2026-08-05 09:05:33 - INFO - Playing scare sound: mock_scare2.wav at volume 1.0
2026-08-05 09:05:33 - INFO - [SCARE_SOUND] Played: mock_scare2.wav
2026-08-05 09:05:33 - INFO - [HARDWARE] Action: Flapping Wings
2026-08-05 09:05:34 - INFO - [HARDWARE] Action: Stop
2026-08-05 09:05:38 - INFO - [HARDWARE] Action: Stop
2026-08-05 09:05:38 - INFO - Scare mode deactivated. System ready.
2026-08-05 09:05:38 - INFO - [SCARE_ACTIVATED] Bird: background, Confidence: 0.89
2026-08-05 09:05:38 - INFO - [HARDWARE] Action: Rotating Camera towards target
2026-08-05 09:05:38 - INFO - Playing scare sound: mock_scare2.wav at volume 1.0
2026-08-05 09:05:38 - INFO - [SCARE_SOUND] Played: mock_scare2.wav
2026-08-05 09:05:38 - INFO - [HARDWARE] Action: Flapping Wings
2026-08-05 09:05:39 - INFO - [HARDWARE] Action: Stop
2026-08-05 09:05:43 - INFO - [HARDWARE] Action: Stop
2026-08-05 09:05:43 - INFO - Scare mode deactivated. System ready.
2026-08-05 09:05:43 - INFO - [SCARE_ACTIVATED] Bird: background, Confidence: 0.88
2026-08-05 09:05:43 - INFO - [HARDWARE] Action: Rotating Camera towards target
2026-08-05 09:05:43 - INFO - Playing scare sound: mock_scare1.wav at volume 1.0
2026-08-05 09:05:43 - INFO - [SCARE_SOUND] Played: mock_scare1.wav
2026-08-05 09:05:43 - INFO - [HARDWARE] Action: Flapping Wings
2026-08-05 09:05:44 - INFO - [HARDWARE] Action: Stop
2026-08-05 09:05:48 - INFO - [HARDWARE] Action: Stop
2026-08-05 09:05:48 - INFO - Scare mode deactivated. System ready.
2026-08-05 09:05:48 - INFO - [SCARE_ACTIVATED] Bird: background, Confidence: 0.94
2026-08-05 09:05:48 - INFO - [HARDWARE] Action: Rotating Camera towards target
2026-08-05 09:05:48 - INFO - Playing scare sound: mock_scare1.wav at volume 1.0
2026-08-05 09:05:48 - INFO - [SCARE_SOUND] Played: mock_scare1.wav
2026-08-05 09:05:48 - INFO - [HARDWARE] Action: Flapping Wings
2026-08-05 09:05:49 - INFO - [HARDWARE] Action: Stop
2026-08-05 09:05:53 - INFO - [HARDWARE] Action: Stop
2026-08-05 09:05:53 - INFO - Scare mode deactivated. System ready.
2026-08-05 09:05:53 - INFO - [SCARE_ACTIVATED] Bird: background, Confidence: 0.89
2026-08-05 09:05:53 - INFO - [HARDWARE] Action: Rotating Camera towards target
2026-08-05 09:05:53 - INFO - Playing scare sound: mock_scare1.wav at volume 1.0
2026-08-05 09:05:53 - INFO - [SCARE_SOUND] Played: mock_scare1.wav
2026-08-05 09:05:53 - INFO - [HARDWARE] Action: Flapping Wings
2026-08-05 09:05:54 - INFO - [HARDWARE] Action: Stop
2026-08-05 09:05:58 - INFO - [HARDWARE] Action: Stop
2026-08-05 09:05:58 - INFO - Scare mode deactivated. System ready.
2026-08-05 09:05:58 - INFO - [SCARE_ACTIVATED] Bird: background, Confidence: 0.90
2026-08-05 09:05:58 - INFO - [HARDWARE] Action: Rotating Camera towards target
2026-08-05 09:05:58 - INFO - Playing scare sound: mock_scare1.wav at volume 1.0
2026-08-05 09:05:58 - INFO - [SCARE_SOUND] Played: mock_scare1.wav
2026-08-05 09:05:58 - INFO - [HARDWARE] Action: Flapping Wings
2026-08-05 09:05:59 - INFO - [HARDWARE] Action: Stop
2026-08-05 09:06:03 - INFO - [HARDWARE] Action: Stop
2026-08-05 09:06:03 - INFO - Scare mode deactivated. System ready.
2026-08-05 09:06:03 - INFO - [SCARE_ACTIVATED] Bird: background, Confidence: 0.90
2026-08-05 09:06:03 - INFO - [HARDWARE] Action: Rotating Camera towards target
2026-08-05 09:06:03 - INFO - Playing scare sound: mock_scare1.wav at volume 1.0
2026-08-05 09:06:03 - INFO - [SCARE_SOUND] Played: mock_scare1.wav
2026-08-05 09:06:03 - INFO - [HARDWARE] Action: Flapping Wings
2026-08-05 09:06:04 - INFO - [HARDWARE] Action: Stop
2026-08-05 09:06:08 - INFO - [HARDWARE] Action: Stop
2026-08-05 09:06:08 - INFO - Scare mode deactivated. System ready.
2026-08-05 09:06:08 - INFO - [SCARE_ACTIVATED] Bird: background, Confidence: 0.90
2026-08-05 09:06:08 - INFO - [HARDWARE] Action: Rotating Camera towards target
2026-08-05 09:06:08 - INFO - Playing scare sound: mock_scare1.wav at volume 1.0
2026-08-05 09:06:08 - INFO - [SCARE_SOUND] Played: mock_scare1.wav
2026-08-05 09:06:08 - INFO - [HARDWARE] Action: Flapping Wings
2026-08-05 09:06:09 - INFO - [HARDWARE] Action: Stop
2026-08-05 09:06:13 - INFO - [SCARE_ACTIVATED] Bird: background, Confidence: 0.88
2026-08-05 09:06:13 - INFO - [HARDWARE] Action: Stop
2026-08-05 09:06:13 - INFO - Scare mode deactivated. System ready.
2026-08-05 09:06:13 - INFO - [HARDWARE] Action: Rotating Camera towards target
2026-08-05 09:06:13 - INFO - Playing scare sound: mock_scare2.wav at volume 1.0
2026-08-05 09:06:13 - INFO - [SCARE_SOUND] Played: mock_scare2.wav
2026-08-05 09:06:14 - INFO - [HARDWARE] Action: Flapping Wings
2026-08-05 09:06:14 - INFO - [HARDWARE] Action: Stop
2026-08-05 09:06:18 - INFO - [HARDWARE] Action: Stop
2026-08-05 09:06:18 - INFO - Scare mode deactivated. System ready.
2026-08-05 09:06:18 - INFO - [SCARE_ACTIVATED] Bird: background, Confidence: 0.86
2026-08-05 09:06:18 - INFO - [HARDWARE] Action: Rotating Camera towards target
2026-08-05 09:06:18 - INFO - Playing scare sound: mock_scare2.wav at volume 1.0
2026-08-05 09:06:18 - INFO - [SCARE_SOUND] Played: mock_scare2.wav
2026-08-05 09:06:19 - INFO - [HARDWARE] Action: Flapping Wings
2026-08-05 09:06:19 - INFO - [HARDWARE] Action: Stop
2026-08-05 09:06:23 - INFO - [HARDWARE] Action: Stop
2026-08-05 09:06:23 - INFO - Scare mode deactivated. System ready.
2026-08-05 09:06:23 - INFO - [SCARE_ACTIVATED] Bird: background, Confidence: 0.90
2026-08-05 09:06:23 - INFO - [HARDWARE] Action: Rotating Camera towards target
2026-08-05 09:06:23 - INFO - Playing scare sound: mock_scare1.wav at volume 1.0
2026-08-05 09:06:23 - INFO - [SCARE_SOUND] Played: mock_scare1.wav
2026-08-05 09:06:24 - INFO - [HARDWARE] Action: Flapping Wings
2026-08-05 09:06:24 - INFO - [HARDWARE] Action: Stop
2026-08-05 09:06:28 - INFO - [HARDWARE] Action: Stop
2026-08-05 09:06:28 - INFO - Scare mode deactivated. System ready.
2026-08-05 09:06:28 - INFO - [SCARE_ACTIVATED] Bird: background, Confidence: 0.90
2026-08-05 09:06:28 - INFO - [HARDWARE] Action: Rotating Camera towards target
2026-08-05 09:06:28 - INFO - Playing scare sound: mock_scare2.wav at volume 1.0
2026-08-05 09:06:28 - INFO - [SCARE_SOUND] Played: mock_scare2.wav
2026-08-05 09:06:29 - INFO - [HARDWARE] Action: Flapping Wings
2026-08-05 09:06:29 - INFO - [HARDWARE] Action: Stop
2026-08-05 09:06:33 - INFO - [HARDWARE] Action: Stop
2026-08-05 09:06:33 - INFO - Scare mode deactivated. System ready.
2026-08-05 09:06:33 - INFO - [SCARE_ACTIVATED] Bird: background, Confidence: 0.87
2026-08-05 09:06:33 - INFO - [HARDWARE] Action: Rotating Camera towards target
2026-08-05 09:06:33 - INFO - Playing scare sound: mock_scare2.wav at volume 1.0
2026-08-05 09:06:33 - INFO - [SCARE_SOUND] Played: mock_scare2.wav
2026-08-05 09:06:34 - INFO - [HARDWARE] Action: Flapping Wings
2026-08-05 09:06:34 - INFO - [HARDWARE] Action: Stop
2026-08-05 09:06:38 - INFO - [HARDWARE] Action: Stop
2026-08-05 09:06:38 - INFO - Scare mode deactivated. System ready.
2026-08-05 09:06:38 - INFO - [SCARE_ACTIVATED] Bird: background, Confidence: 0.88
2026-08-05 09:06:38 - INFO - [HARDWARE] Action: Rotating Camera towards target
2026-08-05 09:06:38 - INFO - Playing scare sound: mock_scare1.wav at volume 1.0
2026-08-05 09:06:38 - INFO - [SCARE_SOUND] Played: mock_scare1.wav
2026-08-05 09:06:39 - INFO - [HARDWARE] Action: Flapping Wings
2026-08-05 09:06:39 - INFO - [HARDWARE] Action: Stop
2026-08-05 09:06:43 - INFO - [HARDWARE] Action: Stop
2026-08-05 09:06:43 - INFO - Scare mode deactivated. System ready.
2026-08-05 09:06:43 - INFO - [SCARE_ACTIVATED] Bird: background, Confidence: 0.90
2026-08-05 09:06:43 - INFO - [HARDWARE] Action: Rotating Camera towards target
2026-08-05 09:06:43 - INFO - Playing scare sound: mock_scare1.wav at volume 1.0
2026-08-05 09:06:43 - INFO - [SCARE_SOUND] Played: mock_scare1.wav
2026-08-05 09:06:44 - INFO - [HARDWARE] Action: Flapping Wings
2026-08-05 09:06:44 - INFO - [HARDWARE] Action: Stop
2026-08-05 09:06:48 - INFO - [HARDWARE] Action: Stop
2026-08-05 09:06:48 - INFO - Scare mode deactivated. System ready.
2026-08-05 09:06:48 - INFO - [SCARE_ACTIVATED] Bird: background, Confidence: 0.93
2026-08-05 09:06:48 - INFO - [HARDWARE] Action: Rotating Camera towards target
2026-08-05 09:06:48 - INFO - Playing scare sound: mock_scare2.wav at volume 1.0
2026-08-05 09:06:48 - INFO - [SCARE_SOUND] Played: mock_scare2.wav
2026-08-05 09:06:49 - INFO - [HARDWARE] Action: Flapping Wings
2026-08-05 09:06:49 - INFO - [HARDWARE] Action: Stop
2026-08-05 09:06:53 - INFO - [HARDWARE] Action: Stop
2026-08-05 09:06:53 - INFO - Scare mode deactivated. System ready.
2026-08-05 09:06:53 - INFO - [SCARE_ACTIVATED] Bird: background, Confidence: 0.89
2026-08-05 09:06:53 - INFO - [HARDWARE] Action: Rotating Camera towards target
2026-08-05 09:06:53 - INFO - Playing scare sound: mock_scare2.wav at volume 1.0
2026-08-05 09:06:53 - INFO - [SCARE_SOUND] Played: mock_scare2.wav
2026-08-05 09:06:54 - INFO - [HARDWARE] Action: Flapping Wings
2026-08-05 09:06:54 - INFO - [HARDWARE] Action: Stop
2026-08-05 09:06:58 - INFO - [HARDWARE] Action: Stop
2026-08-05 09:06:58 - INFO - Scare mode deactivated. System ready.
2026-08-05 09:06:58 - INFO - [SCARE_ACTIVATED] Bird: background, Confidence: 0.92
2026-08-05 09:06:58 - INFO - [HARDWARE] Action: Rotating Camera towards target
2026-08-05 09:06:58 - INFO - Playing scare sound: mock_scare1.wav at volume 1.0
2026-08-05 09:06:58 - INFO - [SCARE_SOUND] Played: mock_scare1.wav
2026-08-05 09:06:59 - INFO - [HARDWARE] Action: Flapping Wings
2026-08-05 09:06:59 - INFO - [HARDWARE] Action: Stop
2026-08-05 09:07:03 - INFO - [HARDWARE] Action: Stop
2026-08-05 09:07:03 - INFO - Scare mode deactivated. System ready.
2026-08-05 09:07:03 - INFO - [SCARE_ACTIVATED] Bird: background, Confidence: 0.89
2026-08-05 09:07:03 - INFO - [HARDWARE] Action: Rotating Camera towards target
2026-08-05 09:07:03 - INFO - Playing scare sound: mock_scare1.wav at volume 1.0
2026-08-05 09:07:03 - INFO - [SCARE_SOUND] Played: mock_scare1.wav
2026-08-05 09:07:04 - INFO - [HARDWARE] Action: Flapping Wings
2026-08-05 09:08:22 - INFO - Hardware Mock initialized.
2026-08-05 09:08:24 - INFO - ScarePlayer initialized.
2026-08-05 09:08:25 - INFO - Initializing ScareX system...
2026-08-05 09:08:25 - INFO - YOLOv11 model loaded successfully.
2026-08-05 09:08:28 - INFO - Audio model and label encoder loaded successfully.
2026-08-05 09:08:29 - INFO - Starting GUI event loop.
2026-08-05 09:08:30 - INFO - Audio recognition started.
2026-08-05 09:08:30 - INFO - Decision engine started.
2026-08-05 09:08:30 - INFO - System started via GUI.
2026-08-05 09:09:44 - INFO - Hardware Mock initialized.
2026-08-05 09:09:46 - INFO - ScarePlayer initialized.
2026-08-05 09:09:46 - INFO - Initializing ScareX system...
2026-08-05 09:09:46 - INFO - YOLOv11 model loaded successfully.
2026-08-05 09:09:50 - INFO - Audio model and label encoder loaded successfully.
2026-08-05 09:09:50 - INFO - Starting GUI event loop.
2026-08-05 09:09:51 - INFO - Audio recognition started.
2026-08-05 09:09:51 - INFO - Decision engine started.
2026-08-05 09:09:51 - INFO - System started via GUI.
2026-08-05 09:09:53 - INFO - Vision detection started.
2026-08-05 09:10:21 - INFO - [SCARE_ACTIVATED] Bird: Bird, Confidence: 0.83
2026-08-05 09:10:21 - INFO - [HARDWARE] Action: Rotating Camera towards target
2026-08-05 09:10:21 - INFO - Playing scare sound: mock_scare1.wav at volume 1.0
2026-08-05 09:10:21 - INFO - [SCARE_SOUND] Played: mock_scare1.wav
2026-08-05 09:10:22 - INFO - [HARDWARE] Action: Flapping Wings
2026-08-05 09:10:22 - INFO - [HARDWARE] Action: Stop
2026-08-05 09:10:27 - INFO - [SCARE_ACTIVATED] Bird: Bird, Confidence: 0.91
2026-08-05 09:10:27 - INFO - [HARDWARE] Action: Rotating Camera towards target
2026-08-05 09:10:27 - INFO - Playing scare sound: mock_scare1.wav at volume 1.0
2026-08-05 09:10:27 - INFO - [SCARE_SOUND] Played: mock_scare1.wav
2026-08-05 09:10:27 - INFO - [HARDWARE] Action: Flapping Wings
2026-08-05 09:10:28 - INFO - [HARDWARE] Action: Stop
2026-08-05 09:10:31 - INFO - [HARDWARE] Action: Stop
2026-08-05 09:10:31 - INFO - Scare mode deactivated. System ready.
2026-08-05 09:10:37 - INFO - [HARDWARE] Action: Stop
2026-08-05 09:10:37 - INFO - Scare mode deactivated. System ready.
2026-08-05 09:14:39 - INFO - [SCARE_ACTIVATED] Bird: Bird, Confidence: 0.65
2026-08-05 09:14:39 - INFO - [HARDWARE] Action: Rotating Camera towards target
2026-08-05 09:14:39 - INFO - Playing scare sound: mock_scare2.wav at volume 1.0
2026-08-05 09:14:39 - INFO - [SCARE_SOUND] Played: mock_scare2.wav
2026-08-05 09:14:40 - INFO - [HARDWARE] Action: Flapping Wings
2026-08-05 09:14:40 - INFO - [HARDWARE] Action: Stop
2026-08-05 09:14:49 - INFO - [HARDWARE] Action: Stop
2026-08-05 09:14:49 - INFO - Scare mode deactivated. System ready.
2026-08-05 09:16:48 - INFO - [SCARE_ACTIVATED] Bird: Bird, Confidence: 0.78
2026-08-05 09:16:48 - INFO - [HARDWARE] Action: Rotating Camera towards target
2026-08-05 09:16:48 - INFO - Playing scare sound: mock_scare2.wav at volume 1.0
2026-08-05 09:16:48 - INFO - [SCARE_SOUND] Played: mock_scare2.wav
2026-08-05 09:16:49 - INFO - [HARDWARE] Action: Flapping Wings
2026-08-05 09:16:49 - INFO - [HARDWARE] Action: Stop
2026-08-05 09:16:53 - INFO - [SCARE_ACTIVATED] Bird: Bird, Confidence: 0.86
2026-08-05 09:16:53 - INFO - [HARDWARE] Action: Rotating Camera towards target
2026-08-05 09:16:53 - INFO - Playing scare sound: mock_scare1.wav at volume 1.0
2026-08-05 09:16:53 - INFO - [SCARE_SOUND] Played: mock_scare1.wav
2026-08-05 09:16:54 - INFO - [HARDWARE] Action: Flapping Wings
2026-08-05 09:16:54 - INFO - [HARDWARE] Action: Stop
2026-08-05 09:16:58 - INFO - [HARDWARE] Action: Stop
2026-08-05 09:16:58 - INFO - Scare mode deactivated. System ready.
2026-08-05 09:16:58 - INFO - [SCARE_ACTIVATED] Bird: Bird, Confidence: 0.94
2026-08-05 09:16:58 - INFO - [HARDWARE] Action: Rotating Camera towards target
2026-08-05 09:16:58 - INFO - Playing scare sound: mock_scare1.wav at volume 1.0
2026-08-05 09:16:58 - INFO - [SCARE_SOUND] Played: mock_scare1.wav
2026-08-05 09:16:59 - INFO - [HARDWARE] Action: Flapping Wings
2026-08-05 09:16:59 - INFO - [HARDWARE] Action: Stop
2026-08-05 09:17:03 - INFO - [HARDWARE] Action: Stop
2026-08-05 09:17:03 - INFO - Scare mode deactivated. System ready.
2026-08-05 09:17:08 - INFO - [HARDWARE] Action: Stop
2026-08-05 09:17:08 - INFO - Scare mode deactivated. System ready.
2026-08-05 09:17:15 - INFO - [SCARE_ACTIVATED] Bird: Bird, Confidence: 0.64
2026-08-05 09:17:15 - INFO - [HARDWARE] Action: Rotating Camera towards target
2026-08-05 09:17:15 - INFO - Playing scare sound: mock_scare2.wav at volume 1.0
2026-08-05 09:17:15 - INFO - [SCARE_SOUND] Played: mock_scare2.wav
2026-08-05 09:17:15 - INFO - [HARDWARE] Action: Flapping Wings
2026-08-05 09:17:16 - INFO - [HARDWARE] Action: Stop
2026-08-05 09:17:20 - INFO - [SCARE_ACTIVATED] Bird: Bird, Confidence: 0.86
2026-08-05 09:17:20 - INFO - [HARDWARE] Action: Rotating Camera towards target
2026-08-05 09:17:20 - INFO - Playing scare sound: mock_scare2.wav at volume 1.0
2026-08-05 09:17:20 - INFO - [SCARE_SOUND] Played: mock_scare2.wav
2026-08-05 09:17:21 - INFO - [HARDWARE] Action: Flapping Wings
2026-08-05 09:17:21 - INFO - [HARDWARE] Action: Stop
2026-08-05 09:17:25 - INFO - [HARDWARE] Action: Stop
2026-08-05 09:17:25 - INFO - Scare mode deactivated. System ready.
2026-08-05 09:17:30 - INFO - [HARDWARE] Action: Stop
2026-08-05 09:17:30 - INFO - Scare mode deactivated. System ready.
2026-08-05 09:36:59 - INFO - Starting audio feature extraction...
2026-08-05 09:37:02 - ERROR - Error encountered while parsing file: C:\Users\Ashwanth\Downloads\ScareX\dataset\audio\birds\crow\real_crow_1.wav. Error: No module named 'resampy'

This error is lazily reported, having originally occurred in
  File C:\Users\Ashwanth\AppData\Local\Programs\Python\Python313\Lib\site-packages\librosa\core\audio.py, line 33, in <module>

----> resampy = lazy.load("resampy")
2026-08-05 09:37:02 - ERROR - Error encountered while parsing file: C:\Users\Ashwanth\Downloads\ScareX\dataset\audio\birds\crow\real_crow_2.wav. Error: No module named 'resampy'

This error is lazily reported, having originally occurred in
  File C:\Users\Ashwanth\AppData\Local\Programs\Python\Python313\Lib\site-packages\librosa\core\audio.py, line 33, in <module>

----> resampy = lazy.load("resampy")
2026-08-05 09:37:02 - INFO - Encoding labels...
2026-08-05 09:37:02 - INFO - Training Random Forest Classifier...
2026-08-05 09:37:03 - INFO - Evaluating model...
2026-08-05 09:37:03 - INFO - Classification Report:
              precision    recall  f1-score   support

  background       1.00      1.00      1.00         1

    accuracy                           1.00         1
   macro avg       1.00      1.00      1.00         1
weighted avg       1.00      1.00      1.00         1

2026-08-05 09:37:03 - INFO - Audio model trained and saved successfully.
2026-08-05 09:38:10 - INFO - Starting audio feature extraction...
2026-08-05 09:38:13 - INFO - Encoding labels...
2026-08-05 09:38:13 - INFO - Training Random Forest Classifier...
2026-08-05 09:38:13 - INFO - Evaluating model...
2026-08-05 09:38:14 - INFO - Classification Report:
              precision    recall  f1-score   support

  background       1.00      1.00      1.00         2
        crow       0.00      0.00      0.00         0

    accuracy                           1.00         2
   macro avg       0.50      0.50      0.50         2
weighted avg       1.00      1.00      1.00         2

2026-08-05 09:38:14 - INFO - Audio model trained and saved successfully.
2026-08-05 09:39:28 - INFO - Hardware Mock initialized.
2026-08-05 09:39:29 - INFO - ScarePlayer initialized.
2026-08-05 09:39:29 - INFO - Initializing ScareX system...
2026-08-05 09:39:29 - INFO - YOLOv11 model loaded successfully.
2026-08-05 09:39:32 - INFO - Audio model and label encoder loaded successfully.
2026-08-05 09:39:32 - INFO - Starting GUI event loop.
2026-08-05 09:39:33 - INFO - Audio recognition started.
2026-08-05 09:39:33 - INFO - Decision engine started.
2026-08-05 09:39:33 - INFO - System started via GUI.
2026-08-05 09:39:35 - INFO - Vision detection started.
2026-08-05 09:42:09 - INFO - [SCARE_ACTIVATED] Bird: Bird, Confidence: 0.81
2026-08-05 09:42:09 - INFO - [HARDWARE] Action: Rotating Camera towards target
2026-08-05 09:42:09 - INFO - Playing scare sound: mock_scare2.wav at volume 1.0
2026-08-05 09:42:09 - INFO - [SCARE_SOUND] Played: mock_scare2.wav
2026-08-05 09:42:10 - INFO - [HARDWARE] Action: Flapping Wings
2026-08-05 09:42:10 - INFO - [HARDWARE] Action: Stop
2026-08-05 09:42:14 - INFO - [SCARE_ACTIVATED] Bird: Bird, Confidence: 0.83
2026-08-05 09:42:14 - INFO - [HARDWARE] Action: Rotating Camera towards target
2026-08-05 09:42:14 - INFO - Playing scare sound: mock_scare1.wav at volume 1.0
2026-08-05 09:42:14 - INFO - [SCARE_SOUND] Played: mock_scare1.wav
2026-08-05 09:42:15 - INFO - [HARDWARE] Action: Flapping Wings
2026-08-05 09:42:15 - INFO - [HARDWARE] Action: Stop
2026-08-05 09:42:19 - INFO - [HARDWARE] Action: Stop
2026-08-05 09:42:19 - INFO - Scare mode deactivated. System ready.
2026-08-05 09:42:24 - INFO - [HARDWARE] Action: Stop
2026-08-05 09:42:24 - INFO - Scare mode deactivated. System ready.
2026-08-05 09:42:28 - INFO - [SCARE_ACTIVATED] Bird: Bird, Confidence: 0.83
2026-08-05 09:42:28 - INFO - [HARDWARE] Action: Rotating Camera towards target
2026-08-05 09:42:28 - INFO - Playing scare sound: mock_scare2.wav at volume 1.0
2026-08-05 09:42:28 - INFO - [SCARE_SOUND] Played: mock_scare2.wav
2026-08-05 09:42:28 - INFO - [HARDWARE] Action: Flapping Wings
2026-08-05 09:42:29 - INFO - [HARDWARE] Action: Stop
2026-08-05 09:42:38 - INFO - [HARDWARE] Action: Stop
2026-08-05 09:42:38 - INFO - Scare mode deactivated. System ready.
2026-08-05 09:56:08 - INFO - [SCARE_ACTIVATED] Bird: Bird, Confidence: 0.61
2026-08-05 09:56:08 - INFO - [HARDWARE] Action: Rotating Camera towards target
2026-08-05 09:56:08 - INFO - Playing scare sound: mock_scare1.wav at volume 1.0
2026-08-05 09:56:08 - INFO - [SCARE_SOUND] Played: mock_scare1.wav
2026-08-05 09:56:08 - INFO - [HARDWARE] Action: Flapping Wings
2026-08-05 09:56:09 - INFO - [HARDWARE] Action: Stop
2026-08-05 09:56:13 - INFO - [SCARE_ACTIVATED] Bird: Bird, Confidence: 0.80
2026-08-05 09:56:13 - INFO - [HARDWARE] Action: Rotating Camera towards target
2026-08-05 09:56:13 - INFO - Playing scare sound: mock_scare2.wav at volume 1.0
2026-08-05 09:56:13 - INFO - [SCARE_SOUND] Played: mock_scare2.wav
2026-08-05 09:56:14 - INFO - [HARDWARE] Action: Flapping Wings
2026-08-05 09:56:14 - INFO - [HARDWARE] Action: Stop
2026-08-05 09:56:18 - INFO - [HARDWARE] Action: Stop
2026-08-05 09:56:18 - INFO - Scare mode deactivated. System ready.
2026-08-05 09:56:19 - INFO - [SCARE_ACTIVATED] Bird: Bird, Confidence: 0.79
2026-08-05 09:56:19 - INFO - [HARDWARE] Action: Rotating Camera towards target
2026-08-05 09:56:19 - INFO - Playing scare sound: mock_scare1.wav at volume 1.0
2026-08-05 09:56:19 - INFO - [SCARE_SOUND] Played: mock_scare1.wav
2026-08-05 09:56:20 - INFO - [HARDWARE] Action: Flapping Wings
2026-08-05 09:56:20 - INFO - [HARDWARE] Action: Stop
2026-08-05 09:56:23 - INFO - [HARDWARE] Action: Stop
2026-08-05 09:56:23 - INFO - Scare mode deactivated. System ready.
2026-08-05 09:56:24 - INFO - [SCARE_ACTIVATED] Bird: Bird, Confidence: 0.70
2026-08-05 09:56:24 - INFO - [HARDWARE] Action: Rotating Camera towards target
2026-08-05 09:56:24 - INFO - Playing scare sound: mock_scare2.wav at volume 1.0
2026-08-05 09:56:24 - INFO - [SCARE_SOUND] Played: mock_scare2.wav
2026-08-05 09:56:25 - INFO - [HARDWARE] Action: Flapping Wings
2026-08-05 09:56:25 - INFO - [HARDWARE] Action: Stop
2026-08-05 09:56:29 - INFO - [HARDWARE] Action: Stop
2026-08-05 09:56:29 - INFO - Scare mode deactivated. System ready.
2026-08-05 09:56:34 - INFO - [HARDWARE] Action: Stop
2026-08-05 09:56:34 - INFO - Scare mode deactivated. System ready.
2026-08-05 10:19:20 - INFO - Starting audio feature extraction...
2026-08-05 10:19:27 - INFO - Encoding labels...
2026-08-05 10:19:27 - INFO - Training Random Forest Classifier...
2026-08-05 10:19:27 - INFO - Evaluating model...
2026-08-05 10:19:27 - INFO - Classification Report:
              precision    recall  f1-score   support

  background       1.00      1.00      1.00         1
 common_myna       0.00      0.00      0.00         0
        crow       0.00      0.00      0.00         0
        dove       1.00      1.00      1.00         1
      parrot       0.00      0.00      0.00         1
     peacock       0.00      0.00      0.00         0

    accuracy                           0.67         3
   macro avg       0.33      0.33      0.33         3
weighted avg       0.67      0.67      0.67         3

2026-08-05 10:19:28 - INFO - Audio model trained and saved successfully.
2026-08-05 10:22:22 - INFO - [SCARE_ACTIVATED] Bird: Bird, Confidence: 0.68
2026-08-05 10:22:22 - INFO - [HARDWARE] Action: Rotating Camera towards target
2026-08-05 10:22:22 - INFO - Playing scare sound: mock_scare1.wav at volume 1.0
2026-08-05 10:22:22 - INFO - [SCARE_SOUND] Played: mock_scare1.wav
2026-08-05 10:22:23 - INFO - [HARDWARE] Action: Flapping Wings
2026-08-05 10:22:23 - INFO - [HARDWARE] Action: Stop
2026-08-05 10:22:29 - INFO - [SCARE_ACTIVATED] Bird: Bird, Confidence: 0.74
2026-08-05 10:22:29 - INFO - [HARDWARE] Action: Rotating Camera towards target
2026-08-05 10:22:29 - INFO - Playing scare sound: mock_scare2.wav at volume 1.0
2026-08-05 10:22:29 - INFO - [SCARE_SOUND] Played: mock_scare2.wav
2026-08-05 10:22:29 - INFO - [HARDWARE] Action: Flapping Wings
2026-08-05 10:22:30 - INFO - [HARDWARE] Action: Stop
2026-08-05 10:22:32 - INFO - [HARDWARE] Action: Stop
2026-08-05 10:22:32 - INFO - Scare mode deactivated. System ready.
2026-08-05 10:22:34 - INFO - [SCARE_ACTIVATED] Bird: Bird, Confidence: 0.80
2026-08-05 10:22:34 - INFO - [HARDWARE] Action: Rotating Camera towards target
2026-08-05 10:22:34 - INFO - Playing scare sound: mock_scare1.wav at volume 1.0
2026-08-05 10:22:34 - INFO - [SCARE_SOUND] Played: mock_scare1.wav
2026-08-05 10:22:34 - INFO - [HARDWARE] Action: Flapping Wings
2026-08-05 10:22:35 - INFO - [HARDWARE] Action: Stop
2026-08-05 10:22:39 - INFO - [HARDWARE] Action: Stop
2026-08-05 10:22:39 - INFO - Scare mode deactivated. System ready.
2026-08-05 10:22:44 - INFO - [HARDWARE] Action: Stop
2026-08-05 10:22:44 - INFO - Scare mode deactivated. System ready.
2026-08-05 10:23:03 - INFO - [SCARE_ACTIVATED] Bird: Bird, Confidence: 0.75
2026-08-05 10:23:03 - INFO - [HARDWARE] Action: Rotating Camera towards target
2026-08-05 10:23:03 - INFO - Playing scare sound: mock_scare1.wav at volume 1.0
2026-08-05 10:23:03 - INFO - [SCARE_SOUND] Played: mock_scare1.wav
2026-08-05 10:23:03 - INFO - [HARDWARE] Action: Flapping Wings
2026-08-05 10:23:04 - INFO - [HARDWARE] Action: Stop
2026-08-05 10:23:08 - INFO - [SCARE_ACTIVATED] Bird: Bird, Confidence: 0.90
2026-08-05 10:23:08 - INFO - [HARDWARE] Action: Rotating Camera towards target
2026-08-05 10:23:08 - INFO - Playing scare sound: mock_scare1.wav at volume 1.0
2026-08-05 10:23:08 - INFO - [SCARE_SOUND] Played: mock_scare1.wav
2026-08-05 10:23:09 - INFO - [HARDWARE] Action: Flapping Wings
2026-08-05 10:23:09 - INFO - [HARDWARE] Action: Stop
2026-08-05 10:23:13 - INFO - [HARDWARE] Action: Stop
2026-08-05 10:23:13 - INFO - Scare mode deactivated. System ready.
2026-08-05 10:23:18 - INFO - [HARDWARE] Action: Stop
2026-08-05 10:23:18 - INFO - Scare mode deactivated. System ready.
2026-08-05 10:29:56 - INFO - [SCARE_ACTIVATED] Bird: Bird, Confidence: 0.79
2026-08-05 10:29:56 - INFO - [HARDWARE] Action: Rotating Camera towards target
2026-08-05 10:29:56 - INFO - Playing scare sound: mock_scare1.wav at volume 1.0
2026-08-05 10:29:56 - INFO - [SCARE_SOUND] Played: mock_scare1.wav
2026-08-05 10:29:56 - INFO - [HARDWARE] Action: Flapping Wings
2026-08-05 10:29:57 - INFO - [HARDWARE] Action: Stop
2026-08-05 10:30:02 - INFO - [SCARE_ACTIVATED] Bird: Bird, Confidence: 0.78
2026-08-05 10:30:02 - INFO - [HARDWARE] Action: Rotating Camera towards target
2026-08-05 10:30:02 - INFO - Playing scare sound: mock_scare2.wav at volume 1.0
2026-08-05 10:30:02 - INFO - [SCARE_SOUND] Played: mock_scare2.wav
2026-08-05 10:30:02 - INFO - [HARDWARE] Action: Flapping Wings
2026-08-05 10:30:03 - INFO - [HARDWARE] Action: Stop
2026-08-05 10:30:06 - INFO - [HARDWARE] Action: Stop
2026-08-05 10:30:06 - INFO - Scare mode deactivated. System ready.
2026-08-05 10:30:12 - INFO - [HARDWARE] Action: Stop
2026-08-05 10:30:12 - INFO - Scare mode deactivated. System ready.
2026-08-05 10:31:09 - INFO - [SCARE_ACTIVATED] Bird: Bird, Confidence: 0.88
2026-08-05 10:31:09 - INFO - [HARDWARE] Action: Rotating Camera towards target
2026-08-05 10:31:09 - INFO - Playing scare sound: mock_scare2.wav at volume 1.0
2026-08-05 10:31:09 - INFO - [SCARE_SOUND] Played: mock_scare2.wav
2026-08-05 10:31:09 - INFO - [HARDWARE] Action: Flapping Wings
2026-08-05 10:31:10 - INFO - [HARDWARE] Action: Stop
2026-08-05 10:31:14 - INFO - [SCARE_ACTIVATED] Bird: Bird, Confidence: 0.92
2026-08-05 10:31:14 - INFO - [HARDWARE] Action: Rotating Camera towards target
2026-08-05 10:31:14 - INFO - Playing scare sound: mock_scare1.wav at volume 1.0
2026-08-05 10:31:14 - INFO - [SCARE_SOUND] Played: mock_scare1.wav
2026-08-05 10:31:14 - INFO - [HARDWARE] Action: Flapping Wings
2026-08-05 10:31:15 - INFO - [HARDWARE] Action: Stop
2026-08-05 10:31:19 - INFO - [HARDWARE] Action: Stop
2026-08-05 10:31:19 - INFO - Scare mode deactivated. System ready.
2026-08-05 10:31:24 - INFO - [HARDWARE] Action: Stop
2026-08-05 10:31:24 - INFO - Scare mode deactivated. System ready.
2026-08-05 10:31:24 - INFO - Hardware Mock initialized.
2026-08-05 10:31:26 - INFO - ScarePlayer initialized.
2026-08-05 10:31:28 - INFO - [SCARE_ACTIVATED] Bird: Bird, Confidence: 0.85
2026-08-05 10:31:28 - INFO - [HARDWARE] Action: Rotating Camera towards target
2026-08-05 10:31:28 - INFO - Playing scare sound: mock_scare2.wav at volume 1.0
2026-08-05 10:31:28 - INFO - [SCARE_SOUND] Played: mock_scare2.wav
2026-08-05 10:31:28 - INFO - [HARDWARE] Action: Flapping Wings
2026-08-05 10:31:29 - INFO - [HARDWARE] Action: Stop
2026-08-05 10:31:34 - INFO - --- STARTING AUTOMATED HEADLESS TEST ---
2026-08-05 10:31:34 - INFO - YOLOv11 model loaded successfully.
2026-08-05 10:31:35 - INFO - [SCARE_ACTIVATED] Bird: Bird, Confidence: 0.72
2026-08-05 10:31:35 - INFO - [HARDWARE] Action: Rotating Camera towards target
2026-08-05 10:31:35 - INFO - Playing scare sound: mock_scare2.wav at volume 1.0
2026-08-05 10:31:35 - INFO - [SCARE_SOUND] Played: mock_scare2.wav
2026-08-05 10:31:35 - INFO - [HARDWARE] Action: Flapping Wings
2026-08-05 10:31:36 - INFO - [HARDWARE] Action: Stop
2026-08-05 10:31:38 - INFO - Audio model and label encoder loaded successfully.
2026-08-05 10:31:38 - INFO - Decision engine started.
2026-08-05 10:31:38 - INFO - Simulating an Audio detection (Confidence 0.95)
2026-08-05 10:31:38 - INFO - [SCARE_ACTIVATED] Bird: Parrot, Confidence: 0.95
2026-08-05 10:31:38 - INFO - [HARDWARE] Action: Rotating Camera towards target
2026-08-05 10:31:38 - INFO - Triggering specific scare alarm sequence for: Parrot
2026-08-05 10:31:38 - INFO - Playing scare sound: mock_scare2.wav at volume 1.0
2026-08-05 10:31:38 - INFO - [SCARE_SOUND] Played: mock_scare2.wav
2026-08-05 10:31:38 - INFO - [HARDWARE] Action: Stop
2026-08-05 10:31:38 - INFO - Scare mode deactivated. System ready.
2026-08-05 10:31:38 - INFO - [HARDWARE] Action: Flapping Wings
2026-08-05 10:31:39 - INFO - [HARDWARE] Action: Stop
2026-08-05 10:31:43 - INFO - Simulating a Vision detection (Confidence 0.88)
2026-08-05 10:31:43 - INFO - [SCARE_ACTIVATED] Bird: common_myna, Confidence: 0.88
2026-08-05 10:31:43 - INFO - [HARDWARE] Action: Rotating Camera towards target
2026-08-05 10:31:43 - INFO - Triggering specific scare alarm sequence for: common_myna
2026-08-05 10:31:43 - INFO - Playing scare sound: mock_scare2.wav at volume 1.0
2026-08-05 10:31:43 - INFO - [SCARE_SOUND] Played: mock_scare2.wav
2026-08-05 10:31:43 - INFO - [HARDWARE] Action: Flapping Wings
2026-08-05 10:31:44 - INFO - [HARDWARE] Action: Stop
2026-08-05 10:31:45 - INFO - [HARDWARE] Action: Stop
2026-08-05 10:31:45 - INFO - Scare mode deactivated. System ready.
2026-08-05 10:31:48 - INFO - [HARDWARE] Action: Stop
2026-08-05 10:31:48 - INFO - Scare mode deactivated. System ready.
2026-08-05 10:31:48 - INFO - [HARDWARE] Action: Stop
2026-08-05 10:31:48 - INFO - Scare mode deactivated. System ready.
2026-08-05 10:31:48 - INFO - Decision engine stopped.
2026-08-05 10:31:48 - INFO - --- AUTOMATED TEST COMPLETE ---
2026-08-05 10:31:53 - INFO - [HARDWARE] Action: Stop
2026-08-05 10:31:53 - INFO - Scare mode deactivated. System ready.
2026-08-05 10:31:59 - INFO - [SCARE_ACTIVATED] Bird: Bird, Confidence: 0.75
2026-08-05 10:31:59 - INFO - [HARDWARE] Action: Rotating Camera towards target
2026-08-05 10:31:59 - INFO - Playing scare sound: mock_scare2.wav at volume 1.0
2026-08-05 10:31:59 - INFO - [SCARE_SOUND] Played: mock_scare2.wav
2026-08-05 10:31:59 - INFO - [HARDWARE] Action: Flapping Wings
2026-08-05 10:32:00 - INFO - [HARDWARE] Action: Stop
2026-08-05 10:32:06 - INFO - [SCARE_ACTIVATED] Bird: Bird, Confidence: 0.85
2026-08-05 10:32:06 - INFO - [HARDWARE] Action: Rotating Camera towards target
2026-08-05 10:32:06 - INFO - Playing scare sound: mock_scare1.wav at volume 1.0
2026-08-05 10:32:06 - INFO - [SCARE_SOUND] Played: mock_scare1.wav
2026-08-05 10:32:06 - INFO - [HARDWARE] Action: Flapping Wings
2026-08-05 10:32:07 - INFO - [HARDWARE] Action: Stop
2026-08-05 10:32:09 - INFO - [HARDWARE] Action: Stop
2026-08-05 10:32:09 - INFO - Scare mode deactivated. System ready.
2026-08-05 10:32:16 - INFO - [HARDWARE] Action: Stop
2026-08-05 10:32:16 - INFO - Scare mode deactivated. System ready.
2026-08-05 10:32:22 - INFO - [SCARE_ACTIVATED] Bird: Bird, Confidence: 0.79
2026-08-05 10:32:22 - INFO - [HARDWARE] Action: Rotating Camera towards target
2026-08-05 10:32:22 - INFO - Playing scare sound: mock_scare2.wav at volume 1.0
2026-08-05 10:32:22 - INFO - [SCARE_SOUND] Played: mock_scare2.wav
2026-08-05 10:32:22 - INFO - [HARDWARE] Action: Flapping Wings
2026-08-05 10:32:23 - INFO - [HARDWARE] Action: Stop
2026-08-05 10:32:31 - INFO - [SCARE_ACTIVATED] Bird: Bird, Confidence: 0.87
2026-08-05 10:32:31 - INFO - [HARDWARE] Action: Rotating Camera towards target
2026-08-05 10:32:31 - INFO - Playing scare sound: mock_scare2.wav at volume 1.0
2026-08-05 10:32:31 - INFO - [SCARE_SOUND] Played: mock_scare2.wav
2026-08-05 10:32:31 - INFO - [HARDWARE] Action: Flapping Wings
2026-08-05 10:32:32 - INFO - [HARDWARE] Action: Stop
2026-08-05 10:32:32 - INFO - Scare mode deactivated. System ready.
2026-08-05 10:32:32 - INFO - [HARDWARE] Action: Stop
2026-08-05 10:32:41 - INFO - [HARDWARE] Action: Stop
2026-08-05 10:32:41 - INFO - Scare mode deactivated. System ready.
2026-08-05 10:32:57 - INFO - [SCARE_ACTIVATED] Bird: Bird, Confidence: 0.82
2026-08-05 10:32:57 - INFO - [HARDWARE] Action: Rotating Camera towards target
2026-08-05 10:32:57 - INFO - Playing scare sound: mock_scare1.wav at volume 1.0
2026-08-05 10:32:57 - INFO - [SCARE_SOUND] Played: mock_scare1.wav
2026-08-05 10:32:57 - INFO - [HARDWARE] Action: Flapping Wings
2026-08-05 10:32:58 - INFO - [HARDWARE] Action: Stop
2026-08-05 10:33:02 - INFO - [SCARE_ACTIVATED] Bird: Bird, Confidence: 0.88
2026-08-05 10:33:02 - INFO - [HARDWARE] Action: Rotating Camera towards target
2026-08-05 10:33:02 - INFO - Playing scare sound: mock_scare1.wav at volume 1.0
2026-08-05 10:33:02 - INFO - [SCARE_SOUND] Played: mock_scare1.wav
2026-08-05 10:33:03 - INFO - [HARDWARE] Action: Flapping Wings
2026-08-05 10:33:03 - INFO - [HARDWARE] Action: Stop
2026-08-05 10:33:07 - INFO - [HARDWARE] Action: Stop
2026-08-05 10:33:07 - INFO - Scare mode deactivated. System ready.
2026-08-05 10:33:07 - INFO - [SCARE_ACTIVATED] Bird: Bird, Confidence: 0.94
2026-08-05 10:33:07 - INFO - [HARDWARE] Action: Rotating Camera towards target
2026-08-05 10:33:07 - INFO - Playing scare sound: mock_scare1.wav at volume 1.0
2026-08-05 10:33:07 - INFO - [SCARE_SOUND] Played: mock_scare1.wav
2026-08-05 10:33:08 - INFO - [HARDWARE] Action: Flapping Wings
2026-08-05 10:33:08 - INFO - [HARDWARE] Action: Stop
2026-08-05 10:33:12 - INFO - [HARDWARE] Action: Stop
2026-08-05 10:33:12 - INFO - Scare mode deactivated. System ready.
2026-08-05 10:33:12 - INFO - [SCARE_ACTIVATED] Bird: Bird, Confidence: 0.93
2026-08-05 10:33:12 - INFO - [HARDWARE] Action: Rotating Camera towards target
2026-08-05 10:33:12 - INFO - Playing scare sound: mock_scare2.wav at volume 1.0
2026-08-05 10:33:12 - INFO - [SCARE_SOUND] Played: mock_scare2.wav
2026-08-05 10:33:13 - INFO - [HARDWARE] Action: Flapping Wings
2026-08-05 10:33:13 - INFO - [HARDWARE] Action: Stop
2026-08-05 10:33:17 - INFO - [HARDWARE] Action: Stop
2026-08-05 10:33:17 - INFO - Scare mode deactivated. System ready.
2026-08-05 10:33:22 - INFO - [HARDWARE] Action: Stop
2026-08-05 10:33:22 - INFO - Scare mode deactivated. System ready.
2026-08-05 10:46:39 - INFO - [SCARE_ACTIVATED] Bird: Bird, Confidence: 0.81
2026-08-05 10:46:39 - INFO - [HARDWARE] Action: Rotating Camera towards target
2026-08-05 10:46:39 - INFO - Playing scare sound: mock_scare1.wav at volume 1.0
2026-08-05 10:46:39 - INFO - [SCARE_SOUND] Played: mock_scare1.wav
2026-08-05 10:46:39 - INFO - [HARDWARE] Action: Flapping Wings
2026-08-05 10:46:40 - INFO - [HARDWARE] Action: Stop
2026-08-05 10:46:45 - INFO - [SCARE_ACTIVATED] Bird: Bird, Confidence: 0.92
2026-08-05 10:46:45 - INFO - [HARDWARE] Action: Rotating Camera towards target
2026-08-05 10:46:45 - INFO - Playing scare sound: mock_scare1.wav at volume 1.0
2026-08-05 10:46:45 - INFO - [SCARE_SOUND] Played: mock_scare1.wav
2026-08-05 10:46:45 - INFO - [HARDWARE] Action: Flapping Wings
2026-08-05 10:46:46 - INFO - [HARDWARE] Action: Stop
2026-08-05 10:46:49 - INFO - [HARDWARE] Action: Stop
2026-08-05 10:46:49 - INFO - Scare mode deactivated. System ready.
2026-08-05 10:46:50 - INFO - [SCARE_ACTIVATED] Bird: Bird, Confidence: 0.94
2026-08-05 10:46:50 - INFO - [HARDWARE] Action: Rotating Camera towards target
2026-08-05 10:46:50 - INFO - Playing scare sound: mock_scare2.wav at volume 1.0
2026-08-05 10:46:50 - INFO - [SCARE_SOUND] Played: mock_scare2.wav
2026-08-05 10:46:50 - INFO - [HARDWARE] Action: Flapping Wings
2026-08-05 10:46:51 - INFO - [HARDWARE] Action: Stop
2026-08-05 10:46:55 - INFO - [HARDWARE] Action: Stop
2026-08-05 10:46:55 - INFO - Scare mode deactivated. System ready.
2026-08-05 10:46:55 - INFO - [SCARE_ACTIVATED] Bird: Bird, Confidence: 0.84
2026-08-05 10:46:55 - INFO - [HARDWARE] Action: Rotating Camera towards target
2026-08-05 10:46:55 - INFO - Playing scare sound: mock_scare1.wav at volume 1.0
2026-08-05 10:46:55 - INFO - [SCARE_SOUND] Played: mock_scare1.wav
2026-08-05 10:46:56 - INFO - [HARDWARE] Action: Flapping Wings
2026-08-05 10:46:57 - INFO - [HARDWARE] Action: Stop
2026-08-05 10:47:00 - INFO - [HARDWARE] Action: Stop
2026-08-05 10:47:00 - INFO - Scare mode deactivated. System ready.
2026-08-05 10:47:03 - INFO - [SCARE_ACTIVATED] Bird: Bird, Confidence: 0.76
2026-08-05 10:47:03 - INFO - [HARDWARE] Action: Rotating Camera towards target
2026-08-05 10:47:03 - INFO - Playing scare sound: mock_scare2.wav at volume 1.0
2026-08-05 10:47:03 - INFO - [SCARE_SOUND] Played: mock_scare2.wav
2026-08-05 10:47:04 - INFO - [HARDWARE] Action: Flapping Wings
2026-08-05 10:47:04 - INFO - [HARDWARE] Action: Stop
2026-08-05 10:47:06 - INFO - [HARDWARE] Action: Stop
2026-08-05 10:47:06 - INFO - Scare mode deactivated. System ready.
2026-08-05 10:47:13 - INFO - [HARDWARE] Action: Stop
2026-08-05 10:47:13 - INFO - Scare mode deactivated. System ready.
2026-08-05 10:47:43 - INFO - [SCARE_ACTIVATED] Bird: Bird, Confidence: 0.90
2026-08-05 10:47:43 - INFO - [HARDWARE] Action: Rotating Camera towards target
2026-08-05 10:47:43 - INFO - Playing scare sound: mock_scare2.wav at volume 1.0
2026-08-05 10:47:43 - INFO - [SCARE_SOUND] Played: mock_scare2.wav
2026-08-05 10:47:44 - INFO - [HARDWARE] Action: Flapping Wings
2026-08-05 10:47:44 - INFO - [HARDWARE] Action: Stop
2026-08-05 10:47:49 - INFO - [SCARE_ACTIVATED] Bird: Bird, Confidence: 0.80
2026-08-05 10:47:49 - INFO - [HARDWARE] Action: Rotating Camera towards target
2026-08-05 10:47:49 - INFO - Playing scare sound: mock_scare2.wav at volume 1.0
2026-08-05 10:47:49 - INFO - [SCARE_SOUND] Played: mock_scare2.wav
2026-08-05 10:47:50 - INFO - [HARDWARE] Action: Flapping Wings
2026-08-05 10:47:50 - INFO - [HARDWARE] Action: Stop
2026-08-05 10:47:53 - INFO - [HARDWARE] Action: Stop
2026-08-05 10:47:53 - INFO - Scare mode deactivated. System ready.
2026-08-05 10:47:54 - INFO - [SCARE_ACTIVATED] Bird: Bird, Confidence: 0.93
2026-08-05 10:47:54 - INFO - [HARDWARE] Action: Rotating Camera towards target
2026-08-05 10:47:54 - INFO - Playing scare sound: mock_scare1.wav at volume 1.0
2026-08-05 10:47:54 - INFO - [SCARE_SOUND] Played: mock_scare1.wav
2026-08-05 10:47:55 - INFO - [HARDWARE] Action: Flapping Wings
2026-08-05 10:47:55 - INFO - [HARDWARE] Action: Stop
2026-08-05 10:47:59 - INFO - [HARDWARE] Action: Stop
2026-08-05 10:47:59 - INFO - Scare mode deactivated. System ready.
2026-08-05 10:48:00 - INFO - [SCARE_ACTIVATED] Bird: Bird, Confidence: 0.71
2026-08-05 10:48:00 - INFO - [HARDWARE] Action: Rotating Camera towards target
2026-08-05 10:48:00 - INFO - Playing scare sound: mock_scare2.wav at volume 1.0
2026-08-05 10:48:00 - INFO - [SCARE_SOUND] Played: mock_scare2.wav
2026-08-05 10:48:01 - INFO - [HARDWARE] Action: Flapping Wings
2026-08-05 10:48:01 - INFO - [HARDWARE] Action: Stop
2026-08-05 10:48:04 - INFO - [HARDWARE] Action: Stop
2026-08-05 10:48:04 - INFO - Scare mode deactivated. System ready.
2026-08-05 10:48:10 - INFO - [HARDWARE] Action: Stop
2026-08-05 10:48:10 - INFO - Scare mode deactivated. System ready.
2026-08-05 12:02:00 - INFO - [SCARE_ACTIVATED] Bird: Bird, Confidence: 0.82
2026-08-05 12:02:00 - INFO - [HARDWARE] Action: Rotating Camera towards target
2026-08-05 12:02:01 - INFO - Playing scare sound: mock_scare1.wav at volume 1.0
2026-08-05 12:02:01 - INFO - [SCARE_SOUND] Played: mock_scare1.wav
2026-08-05 12:02:01 - INFO - [HARDWARE] Action: Flapping Wings
2026-08-05 12:02:01 - INFO - [HARDWARE] Action: Stop
2026-08-05 12:02:06 - INFO - [SCARE_ACTIVATED] Bird: Bird, Confidence: 0.93
2026-08-05 12:02:06 - INFO - [HARDWARE] Action: Rotating Camera towards target
2026-08-05 12:02:06 - INFO - Playing scare sound: mock_scare2.wav at volume 1.0
2026-08-05 12:02:06 - INFO - [SCARE_SOUND] Played: mock_scare2.wav
2026-08-05 12:02:06 - INFO - [HARDWARE] Action: Flapping Wings
2026-08-05 12:02:07 - INFO - [HARDWARE] Action: Stop
2026-08-05 12:02:11 - INFO - [HARDWARE] Action: Stop
2026-08-05 12:02:11 - INFO - Scare mode deactivated. System ready.
2026-08-05 12:02:16 - INFO - [HARDWARE] Action: Stop
2026-08-05 12:02:16 - INFO - Scare mode deactivated. System ready.
2026-08-05 12:02:57 - INFO - [SCARE_ACTIVATED] Bird: Bird, Confidence: 0.74
2026-08-05 12:02:57 - INFO - [HARDWARE] Action: Rotating Camera towards target
2026-08-05 12:02:57 - INFO - Playing scare sound: mock_scare2.wav at volume 1.0
2026-08-05 12:02:57 - INFO - [SCARE_SOUND] Played: mock_scare2.wav
2026-08-05 12:02:57 - INFO - [HARDWARE] Action: Flapping Wings
2026-08-05 12:02:58 - INFO - [HARDWARE] Action: Stop
2026-08-05 12:03:07 - INFO - [HARDWARE] Action: Stop
2026-08-05 12:03:07 - INFO - Scare mode deactivated. System ready.
2026-08-05 12:13:00 - INFO - [SCARE_ACTIVATED] Bird: Bird, Confidence: 0.73
2026-08-05 12:13:00 - INFO - [HARDWARE] Action: Rotating Camera towards target
2026-08-05 12:13:00 - INFO - Playing scare sound: mock_scare2.wav at volume 1.0
2026-08-05 12:13:00 - INFO - [SCARE_SOUND] Played: mock_scare2.wav
2026-08-05 12:13:01 - INFO - [HARDWARE] Action: Flapping Wings
2026-08-05 12:13:01 - INFO - [HARDWARE] Action: Stop
2026-08-05 12:13:10 - INFO - [HARDWARE] Action: Stop
2026-08-05 12:13:10 - INFO - Scare mode deactivated. System ready.
2026-08-05 12:21:28 - INFO - [SCARE_ACTIVATED] Bird: Bird, Confidence: 0.92
2026-08-05 12:21:28 - INFO - [HARDWARE] Action: Rotating Camera towards target
2026-08-05 12:21:28 - INFO - Playing scare sound: mock_scare2.wav at volume 1.0
2026-08-05 12:21:28 - INFO - [SCARE_SOUND] Played: mock_scare2.wav
2026-08-05 12:21:28 - INFO - [HARDWARE] Action: Flapping Wings
2026-08-05 12:21:29 - INFO - [HARDWARE] Action: Stop
2026-08-05 12:21:38 - INFO - [HARDWARE] Action: Stop
2026-08-05 12:21:38 - INFO - Scare mode deactivated. System ready.
2026-08-05 12:21:38 - INFO - [SCARE_ACTIVATED] Bird: Bird, Confidence: 0.81
2026-08-05 12:21:38 - INFO - [HARDWARE] Action: Rotating Camera towards target
2026-08-05 12:21:38 - INFO - Playing scare sound: mock_scare1.wav at volume 1.0
2026-08-05 12:21:38 - INFO - [SCARE_SOUND] Played: mock_scare1.wav
2026-08-05 12:21:38 - INFO - [HARDWARE] Action: Flapping Wings
2026-08-05 12:21:39 - INFO - [HARDWARE] Action: Stop
2026-08-05 12:21:48 - INFO - [HARDWARE] Action: Stop
2026-08-05 12:21:48 - INFO - Scare mode deactivated. System ready.
2026-08-05 12:21:52 - INFO - [SCARE_ACTIVATED] Bird: Bird, Confidence: 0.82
2026-08-05 12:21:52 - INFO - [HARDWARE] Action: Rotating Camera towards target
2026-08-05 12:21:52 - INFO - Playing scare sound: mock_scare1.wav at volume 1.0
2026-08-05 12:21:52 - INFO - [SCARE_SOUND] Played: mock_scare1.wav
2026-08-05 12:21:52 - INFO - [HARDWARE] Action: Flapping Wings
2026-08-05 12:21:53 - INFO - [HARDWARE] Action: Stop
2026-08-05 12:21:57 - INFO - [SCARE_ACTIVATED] Bird: Bird, Confidence: 0.82
2026-08-05 12:21:57 - INFO - [HARDWARE] Action: Rotating Camera towards target
2026-08-05 12:21:57 - INFO - Playing scare sound: mock_scare2.wav at volume 1.0
2026-08-05 12:21:57 - INFO - [SCARE_SOUND] Played: mock_scare2.wav
2026-08-05 12:21:57 - INFO - [HARDWARE] Action: Flapping Wings
2026-08-05 12:21:58 - INFO - [HARDWARE] Action: Stop
2026-08-05 12:22:02 - INFO - [HARDWARE] Action: Stop
2026-08-05 12:22:02 - INFO - Scare mode deactivated. System ready.
2026-08-05 12:22:07 - INFO - [HARDWARE] Action: Stop
2026-08-05 12:22:07 - INFO - Scare mode deactivated. System ready.
2026-08-05 12:23:47 - INFO - [SCARE_ACTIVATED] Bird: Bird, Confidence: 0.83
2026-08-05 12:23:47 - INFO - [HARDWARE] Action: Rotating Camera towards target
2026-08-05 12:23:47 - INFO - Playing scare sound: mock_scare1.wav at volume 1.0
2026-08-05 12:23:47 - INFO - [SCARE_SOUND] Played: mock_scare1.wav
2026-08-05 12:23:48 - INFO - [HARDWARE] Action: Flapping Wings
2026-08-05 12:23:48 - INFO - [HARDWARE] Action: Stop
2026-08-05 12:23:57 - INFO - [SCARE_ACTIVATED] Bird: Bird, Confidence: 0.91
2026-08-05 12:23:57 - INFO - [HARDWARE] Action: Rotating Camera towards target
2026-08-05 12:23:57 - INFO - Playing scare sound: mock_scare2.wav at volume 1.0
2026-08-05 12:23:57 - INFO - [SCARE_SOUND] Played: mock_scare2.wav
2026-08-05 12:23:57 - INFO - Stopped playing scare sound.
2026-08-05 12:23:57 - INFO - [HARDWARE] Action: Stop
2026-08-05 12:23:57 - INFO - Scare mode deactivated. System ready.
2026-08-05 12:23:57 - INFO - [HARDWARE] Action: Flapping Wings
2026-08-05 12:23:58 - INFO - [HARDWARE] Action: Stop
2026-08-05 12:24:07 - INFO - [HARDWARE] Action: Stop
2026-08-05 12:24:07 - INFO - Scare mode deactivated. System ready.
2026-08-05 12:24:19 - INFO - [SCARE_ACTIVATED] Bird: Bird, Confidence: 0.74
2026-08-05 12:24:19 - INFO - [HARDWARE] Action: Rotating Camera towards target
2026-08-05 12:24:19 - INFO - Playing scare sound: mock_scare1.wav at volume 1.0
2026-08-05 12:24:19 - INFO - [SCARE_SOUND] Played: mock_scare1.wav
2026-08-05 12:24:19 - INFO - [HARDWARE] Action: Flapping Wings
2026-08-05 12:24:20 - INFO - [HARDWARE] Action: Stop
2026-08-05 12:24:29 - INFO - [HARDWARE] Action: Stop
2026-08-05 12:24:29 - INFO - Scare mode deactivated. System ready.
2026-08-05 12:24:37 - INFO - [SCARE_ACTIVATED] Bird: Bird, Confidence: 0.84
2026-08-05 12:24:37 - INFO - [HARDWARE] Action: Rotating Camera towards target
2026-08-05 12:24:37 - INFO - Playing scare sound: mock_scare2.wav at volume 1.0
2026-08-05 12:24:37 - INFO - [SCARE_SOUND] Played: mock_scare2.wav
2026-08-05 12:24:38 - INFO - [HARDWARE] Action: Flapping Wings
2026-08-05 12:24:38 - INFO - [HARDWARE] Action: Stop
2026-08-05 12:24:47 - INFO - [HARDWARE] Action: Stop
2026-08-05 12:24:47 - INFO - Scare mode deactivated. System ready.
2026-08-05 12:38:47 - INFO - Hardware Mock initialized.
2026-08-05 12:38:49 - INFO - ScarePlayer initialized.
2026-08-05 12:38:49 - INFO - Initializing ScareX system...
2026-08-05 12:38:49 - INFO - YOLOv11 model loaded successfully.
2026-08-05 12:39:02 - INFO - Audio model and label encoder loaded successfully.
2026-08-05 12:39:03 - INFO - Starting GUI event loop.
2026-08-05 12:39:04 - INFO - Audio recognition started.
2026-08-05 12:39:04 - INFO - Decision engine started.
2026-08-05 12:39:04 - INFO - System started via GUI.
2026-08-05 12:39:06 - INFO - Vision detection started.
2026-08-05 12:39:47 - INFO - [SCARE_ACTIVATED] Bird: Bird, Confidence: 0.91
2026-08-05 12:39:47 - INFO - [HARDWARE] Action: Rotating Camera towards target
2026-08-05 12:39:47 - INFO - Triggering specific scare alarm sequence for: Bird
2026-08-05 12:39:47 - INFO - Playing scare sound: mock_scare2.wav at volume 1.0
2026-08-05 12:39:47 - INFO - [SCARE_SOUND] Played: mock_scare2.wav
2026-08-05 12:39:47 - INFO - [HARDWARE] Action: Flapping Wings
2026-08-05 12:39:48 - INFO - [HARDWARE] Action: Stop
2026-08-05 12:39:57 - INFO - [HARDWARE] Action: Stop
2026-08-05 12:39:57 - INFO - Scare mode deactivated. System ready.
2026-08-05 12:40:06 - INFO - [SCARE_ACTIVATED] Bird: Bird, Confidence: 0.80
2026-08-05 12:40:06 - INFO - [HARDWARE] Action: Rotating Camera towards target
2026-08-05 12:40:06 - INFO - Triggering specific scare alarm sequence for: Bird
2026-08-05 12:40:06 - INFO - Playing scare sound: mock_scare1.wav at volume 1.0
2026-08-05 12:40:06 - INFO - [SCARE_SOUND] Played: mock_scare1.wav
2026-08-05 12:40:06 - INFO - [HARDWARE] Action: Flapping Wings
2026-08-05 12:40:07 - INFO - [HARDWARE] Action: Stop
2026-08-05 12:40:16 - INFO - [HARDWARE] Action: Stop
2026-08-05 12:40:16 - INFO - Scare mode deactivated. System ready.
2026-08-05 12:40:16 - INFO - [SCARE_ACTIVATED] Bird: Bird, Confidence: 0.75
2026-08-05 12:40:16 - INFO - [HARDWARE] Action: Rotating Camera towards target
2026-08-05 12:40:16 - INFO - Triggering specific scare alarm sequence for: Bird
2026-08-05 12:40:16 - INFO - Playing scare sound: mock_scare2.wav at volume 1.0
2026-08-05 12:40:16 - INFO - [SCARE_SOUND] Played: mock_scare2.wav
2026-08-05 12:40:16 - INFO - [HARDWARE] Action: Flapping Wings
2026-08-05 12:40:17 - INFO - [HARDWARE] Action: Stop
2026-08-05 12:40:26 - INFO - [HARDWARE] Action: Stop
2026-08-05 12:40:26 - INFO - Scare mode deactivated. System ready.
2026-08-05 12:42:30 - INFO - [SCARE_ACTIVATED] Bird: Bird, Confidence: 0.61
2026-08-05 12:42:30 - INFO - [HARDWARE] Action: Rotating Camera towards target
2026-08-05 12:42:30 - INFO - Triggering specific scare alarm sequence for: Bird
2026-08-05 12:42:30 - INFO - Playing scare sound: mock_scare1.wav at volume 1.0
2026-08-05 12:42:30 - INFO - [SCARE_SOUND] Played: mock_scare1.wav
2026-08-05 12:42:31 - INFO - [HARDWARE] Action: Flapping Wings
2026-08-05 12:42:31 - INFO - [HARDWARE] Action: Stop
2026-08-05 12:42:40 - INFO - [HARDWARE] Action: Stop
2026-08-05 12:42:40 - INFO - Scare mode deactivated. System ready.
2026-08-05 12:43:44 - INFO - [SCARE_ACTIVATED] Bird: Bird, Confidence: 0.66
2026-08-05 12:43:44 - INFO - [HARDWARE] Action: Rotating Camera towards target
2026-08-05 12:43:44 - INFO - Triggering specific scare alarm sequence for: Bird
2026-08-05 12:43:44 - INFO - Playing scare sound: mock_scare2.wav at volume 1.0
2026-08-05 12:43:44 - INFO - [SCARE_SOUND] Played: mock_scare2.wav
2026-08-05 12:43:45 - INFO - [HARDWARE] Action: Flapping Wings
2026-08-05 12:43:45 - INFO - [HARDWARE] Action: Stop
2026-08-05 12:43:54 - INFO - [HARDWARE] Action: Stop
2026-08-05 12:43:54 - INFO - Scare mode deactivated. System ready.
2026-08-05 12:50:03 - INFO - [SCARE_ACTIVATED] Bird: Bird, Confidence: 0.78
2026-08-05 12:50:03 - INFO - [HARDWARE] Action: Rotating Camera towards target
2026-08-05 12:50:03 - INFO - Triggering specific scare alarm sequence for: Bird
2026-08-05 12:50:03 - INFO - Playing scare sound: mock_scare2.wav at volume 1.0
2026-08-05 12:50:03 - INFO - [SCARE_SOUND] Played: mock_scare2.wav
2026-08-05 12:50:03 - INFO - [HARDWARE] Action: Flapping Wings
2026-08-05 12:50:04 - INFO - [HARDWARE] Action: Stop
2026-08-05 12:50:13 - INFO - [HARDWARE] Action: Stop
2026-08-05 12:50:13 - INFO - Scare mode deactivated. System ready.
2026-08-05 14:00:14 - INFO - Hardware Mock initialized.
2026-08-05 14:00:16 - INFO - ScarePlayer initialized.
2026-08-05 14:00:16 - INFO - Initializing ScareX system...
2026-08-05 14:00:17 - INFO - YOLOv11 model loaded successfully.
2026-08-05 14:00:29 - INFO - Audio model and label encoder loaded successfully.
2026-08-05 14:00:30 - INFO - Starting GUI event loop.
2026-08-05 14:00:31 - INFO - Audio recognition started.
2026-08-05 14:00:31 - INFO - Decision engine started.
2026-08-05 14:00:31 - INFO - System started via GUI.
2026-08-05 14:00:32 - INFO - Vision detection started.
2026-08-05 14:02:44 - INFO - [SCARE_ACTIVATED] Bird: Bird, Confidence: 0.66
2026-08-05 14:02:44 - INFO - [HARDWARE] Action: Rotating Camera towards target
2026-08-05 14:02:44 - INFO - Triggering specific scare alarm sequence for: Bird
2026-08-05 14:02:44 - INFO - Playing scare sound: mock_scare2.wav at volume 1.0
2026-08-05 14:02:44 - INFO - [SCARE_SOUND] Played: mock_scare2.wav
2026-08-05 14:02:44 - INFO - [HARDWARE] Action: Flapping Wings
2026-08-05 14:02:45 - INFO - [HARDWARE] Action: Stop
2026-08-05 14:02:54 - INFO - [HARDWARE] Action: Stop
2026-08-05 14:02:54 - INFO - Scare mode deactivated. System ready.
2026-08-05 14:04:16 - INFO - [SCARE_ACTIVATED] Bird: Bird, Confidence: 0.70
2026-08-05 14:04:16 - INFO - [HARDWARE] Action: Rotating Camera towards target
2026-08-05 14:04:16 - INFO - Triggering specific scare alarm sequence for: Bird
2026-08-05 14:04:16 - INFO - Playing scare sound: mock_scare1.wav at volume 1.0
2026-08-05 14:04:16 - INFO - [SCARE_SOUND] Played: mock_scare1.wav
2026-08-05 14:04:17 - INFO - [HARDWARE] Action: Flapping Wings
2026-08-05 14:04:17 - INFO - [HARDWARE] Action: Stop
2026-08-05 14:04:26 - INFO - [HARDWARE] Action: Stop
2026-08-05 14:04:26 - INFO - Scare mode deactivated. System ready.
2026-08-05 14:22:32 - INFO - [SCARE_ACTIVATED] Bird: Bird, Confidence: 0.88
2026-08-05 14:22:32 - INFO - [HARDWARE] Action: Rotating Camera towards target
2026-08-05 14:22:32 - INFO - Triggering specific scare alarm sequence for: Bird
2026-08-05 14:22:32 - INFO - Playing scare sound: mock_scare1.wav at volume 1.0
2026-08-05 14:22:32 - INFO - [SCARE_SOUND] Played: mock_scare1.wav
2026-08-05 14:22:33 - INFO - [HARDWARE] Action: Flapping Wings
2026-08-05 14:22:33 - INFO - [HARDWARE] Action: Stop
2026-08-05 14:22:39 - INFO - [SCARE_ACTIVATED] Bird: Bird, Confidence: 0.64
2026-08-05 14:22:39 - INFO - [HARDWARE] Action: Rotating Camera towards target
2026-08-05 14:22:39 - INFO - Triggering specific scare alarm sequence for: Bird
2026-08-05 14:22:39 - INFO - Playing scare sound: mock_scare1.wav at volume 1.0
2026-08-05 14:22:39 - INFO - [SCARE_SOUND] Played: mock_scare1.wav
2026-08-05 14:22:39 - INFO - [HARDWARE] Action: Flapping Wings
2026-08-05 14:22:40 - INFO - [HARDWARE] Action: Stop
2026-08-05 14:22:42 - INFO - [HARDWARE] Action: Stop
2026-08-05 14:22:42 - INFO - Scare mode deactivated. System ready.
2026-08-05 14:22:49 - INFO - [HARDWARE] Action: Stop
2026-08-05 14:22:49 - INFO - Scare mode deactivated. System ready.
